Component: Arm Compiler for Embedded 6.24 Tool: armlink [5f371500]

==============================================================================

Section Cross References

    main.o(.text.main) refers to main.o(.text.System_Init) for System_Init
    main.o(.text.main) refers to stm32f407xx_gpio_driver.o(.text.GPIO_Init) for GPIO_Init
    main.o(.text.main) refers to stm32f407xx_gpio_driver.o(.text.GPIO_PinWrite) for GPIO_PinWrite
    main.o(.text.main) refers to main.o(.text.SimpleDelay) for SimpleDelay
    main.o(.text.main) refers to main.o(.text.I2C1_Init) for I2C1_Init
    main.o(.text.main) refers to main.o(.text.I2C_Scan) for I2C_Scan
    main.o(.text.main) refers to main.o(.bss.i2c_device_found) for i2c_device_found
    main.o(.text.main) refers to stm32f407xx_gpio_driver.o(.text.GPIO_PinToggle) for GPIO_PinToggle
    main.o(.text.main) refers to ssd1306.o(.text.SSD1306_Init) for SSD1306_Init
    main.o(.text.main) refers to ssd1306.o(.text.SSD1306_Fill) for SSD1306_Fill
    main.o(.text.main) refers to main.o(.rodata.str1.1) for .L.str
    main.o(.text.main) refers to ssd1306.o(.text.SSD1306_DrawString) for SSD1306_DrawString
    main.o(.text.main) refers to ssd1306.o(.text.SSD1306_UpdateScreen) for SSD1306_UpdateScreen
    main.o(.text.main) refers to main.o(.text.Button_Init) for Button_Init
    main.o(.text.main) refers to main.o(.text.TIM2_Init) for TIM2_Init
    main.o(.text.main) refers to main.o(.bss.game) for game
    main.o(.text.main) refers to dino_game.o(.text.Game_Init) for Game_Init
    main.o(.text.main) refers to dino_game.o(.text.Game_Draw) for Game_Draw
    main.o(.text.main) refers to main.o(.bss.game_tick) for game_tick
    main.o(.text.main) refers to main.o(.bss.button_pressed) for button_pressed
    main.o(.text.main) refers to dino_game.o(.text.Game_HandleInput) for Game_HandleInput
    main.o(.text.main) refers to dino_game.o(.text.Game_Update) for Game_Update
    main.o(.ARM.exidx.text.main) refers to main.o(.text.main) for [Anonymous Symbol]
    main.o(.ARM.exidx.text.System_Init) refers to main.o(.text.System_Init) for [Anonymous Symbol]
    main.o(.ARM.exidx.text.SimpleDelay) refers to main.o(.text.SimpleDelay) for [Anonymous Symbol]
    main.o(.text.I2C1_Init) refers to stm32f407xx_gpio_driver.o(.text.GPIO_Init) for GPIO_Init
    main.o(.text.I2C1_Init) refers to stm32f407xx_i2c_driver.o(.text.I2C_Init) for I2C_Init
    main.o(.ARM.exidx.text.I2C1_Init) refers to main.o(.text.I2C1_Init) for [Anonymous Symbol]
    main.o(.text.I2C_Scan) refers to stm32f407xx_i2c_driver.o(.text.I2C_GetBusyFlag) for I2C_GetBusyFlag
    main.o(.text.I2C_Scan) refers to stm32f407xx_i2c_driver.o(.text.I2C_Reset) for I2C_Reset
    main.o(.text.I2C_Scan) refers to main.o(.text.SimpleDelay) for SimpleDelay
    main.o(.text.I2C_Scan) refers to main.o(.bss.i2c_device_addr) for i2c_device_addr
    main.o(.text.I2C_Scan) refers to main.o(.bss.i2c_device_found) for i2c_device_found
    main.o(.text.I2C_Scan) refers to stm32f407xx_gpio_driver.o(.text.GPIO_PinToggle) for GPIO_PinToggle
    main.o(.ARM.exidx.text.I2C_Scan) refers to main.o(.text.I2C_Scan) for [Anonymous Symbol]
    main.o(.text.Button_Init) refers to stm32f407xx_gpio_driver.o(.text.GPIO_Init) for GPIO_Init
    main.o(.text.Button_Init) refers to stm32f407xx_gpio_driver.o(.text.GPIO_IT_Init) for GPIO_IT_Init
    main.o(.ARM.exidx.text.Button_Init) refers to main.o(.text.Button_Init) for [Anonymous Symbol]
    main.o(.text.TIM2_Init) refers to stm32f407xx_timer_driver.o(.text.TIM_Base_Init) for TIM_Base_Init
    main.o(.text.TIM2_Init) refers to stm32f407xx_timer_driver.o(.text.TIM_Base_ForceUpdate) for TIM_Base_ForceUpdate
    main.o(.text.TIM2_Init) refers to stm32f407xx_timer_driver.o(.text.TIM_Base_IT_Init) for TIM_Base_IT_Init
    main.o(.text.TIM2_Init) refers to stm32f407xx_timer_driver.o(.text.TIM_Base_Start) for TIM_Base_Start
    main.o(.ARM.exidx.text.TIM2_Init) refers to main.o(.text.TIM2_Init) for [Anonymous Symbol]
    main.o(.text.EXTI0_IRQHandler) refers to main.o(.bss.button_pressed) for button_pressed
    main.o(.ARM.exidx.text.EXTI0_IRQHandler) refers to main.o(.text.EXTI0_IRQHandler) for [Anonymous Symbol]
    main.o(.text.TIM2_IRQHandler) refers to main.o(.bss.game_tick) for game_tick
    main.o(.ARM.exidx.text.TIM2_IRQHandler) refers to main.o(.text.TIM2_IRQHandler) for [Anonymous Symbol]
    stm32f407xx_gpio_driver.o(.ARM.exidx.text.GPIO_Init) refers to stm32f407xx_gpio_driver.o(.text.GPIO_Init) for [Anonymous Symbol]
    stm32f407xx_gpio_driver.o(.ARM.exidx.text.GPIO_PinWrite) refers to stm32f407xx_gpio_driver.o(.text.GPIO_PinWrite) for [Anonymous Symbol]
    stm32f407xx_gpio_driver.o(.ARM.exidx.text.GPIO_PinToggle) refers to stm32f407xx_gpio_driver.o(.text.GPIO_PinToggle) for [Anonymous Symbol]
    stm32f407xx_gpio_driver.o(.ARM.exidx.text.GPIO_PinRead) refers to stm32f407xx_gpio_driver.o(.text.GPIO_PinRead) for [Anonymous Symbol]
[...]
    stm32f407xx_i2c_driver.o(.ARM.exidx.text.I2C_Init) refers to stm32f407xx_i2c_driver.o(.text.I2C_Init) for [Anonymous Symbol]
    stm32f407xx_i2c_driver.o(.ARM.exidx.text.I2C_GetPCLK1) refers to stm32f407xx_i2c_driver.o(.text.I2C_GetPCLK1) for [Anonymous Symbol]
    stm32f407xx_i2c_driver.o(.ARM.exidx.text.I2C_Start) refers to stm32f407xx_i2c_driver.o(.text.I2C_Start) for [Anonymous Symbol]
    stm32f407xx_i2c_driver.o(.ARM.exidx.text.I2C_Stop) refers to stm32f407xx_i2c_driver.o(.text.I2C_Stop) for [Anonymous Symbol]
    stm32f407xx_i2c_driver.o(.ARM.exidx.text.I2C_SendAddress) refers to stm32f407xx_i2c_driver.o(.text.I2C_SendAddress) for [Anonymous Symbol]
    stm32f407xx_i2c_driver.o(.ARM.exidx.text.I2C_SendData) refers to stm32f407xx_i2c_driver.o(.text.I2C_SendData) for [Anonymous Symbol]
    stm32f407xx_i2c_driver.o(.text.I2C_MasterSendData) refers to stm32f407xx_i2c_driver.o(.text.I2C_Start) for I2C_Start
    stm32f407xx_i2c_driver.o(.text.I2C_MasterSendData) refers to stm32f407xx_i2c_driver.o(.text.I2C_SendAddress) for I2C_SendAddress
    stm32f407xx_i2c_driver.o(.text.I2C_MasterSendData) refers to stm32f407xx_i2c_driver.o(.text.I2C_Stop) for I2C_Stop
    stm32f407xx_i2c_driver.o(.ARM.exidx.text.I2C_MasterSendData) refers to stm32f407xx_i2c_driver.o(.text.I2C_MasterSendData) for [Anonymous Symbol]
    stm32f407xx_i2c_driver.o(.ARM.exidx.text.I2C_ReceiveData) refers to stm32f407xx_i2c_driver.o(.text.I2C_ReceiveData) for [Anonymous Symbol]
    stm32f407xx_i2c_driver.o(.text.I2C_MasterReceiveData) refers to stm32f407xx_i2c_driver.o(.text.I2C_Start) for I2C_Start
    stm32f407xx_i2c_driver.o(.text.I2C_MasterReceiveData) refers to stm32f407xx_i2c_driver.o(.text.I2C_SendAddress) for I2C_SendAddress
    stm32f407xx_i2c_driver.o(.text.I2C_MasterReceiveData) refers to stm32f407xx_i2c_driver.o(.text.I2C_Stop) for I2C_Stop
    stm32f407xx_i2c_driver.o(.text.I2C_MasterReceiveData) refers to stm32f407xx_i2c_driver.o(.text.I2C_ReceiveData) for I2C_ReceiveData
    stm32f407xx_i2c_driver.o(.ARM.exidx.text.I2C_MasterReceiveData) refers to stm32f407xx_i2c_driver.o(.text.I2C_MasterReceiveData) for [Anonymous Symbol]
    stm32f407xx_i2c_driver.o(.ARM.exidx.text.I2C_GetBusyFlag) refers to stm32f407xx_i2c_driver.o(.text.I2C_GetBusyFlag) for [Anonymous Symbol]
    stm32f407xx_i2c_driver.o(.ARM.exidx.text.I2C_Reset) refers to stm32f407xx_i2c_driver.o(.text.I2C_Reset) for [Anonymous Symbol]
    startup_stm32f407xx.o(STACK) refers (Special) to heapauxi.o(.text) for __use_two_region_memory
    startup_stm32f407xx.o(HEAP) refers (Special) to heapauxi.o(.text) for __use_two_region_memory
    startup_stm32f407xx.o(RESET) refers (Special) to heapauxi.o(.text) for __use_two_region_memory
    startup_stm32f407xx.o(RESET) refers to startup_stm32f407xx.o(STACK) for __initial_sp
    startup_stm32f407xx.o(RESET) refers to startup_stm32f407xx.o(.text) for Reset_Handler
    startup_stm32f407xx.o(RESET) refers to main.o(.text.EXTI0_IRQHandler) for EXTI0_IRQHandler
    startup_stm32f407xx.o(RESET) refers to main.o(.text.TIM2_IRQHandler) for TIM2_IRQHandler
    startup_stm32f407xx.o(.text) refers (Special) to heapauxi.o(.text) for __use_two_region_memory
    startup_stm32f407xx.o(.text) refers to system_stm32f4xx.o(.text.SystemInit) for SystemInit
    startup_stm32f407xx.o(.text) refers to __main.o(!!!main) for __main
    startup_stm32f407xx.o(.text) refers to startup_stm32f407xx.o(HEAP) for Heap_Mem
    startup_stm32f407xx.o(.text) refers to startup_stm32f407xx.o(STACK) for Stack_Mem
    system_stm32f4xx.o(.ARM.exidx.text.SystemInit) refers to system_stm32f4xx.o(.text.SystemInit) for [Anonymous Symbol]
    system_stm32f4xx.o(.text.SystemCoreClockUpdate) refers to system_stm32f4xx.o(.data.SystemCoreClock) for SystemCoreClock
    system_stm32f4xx.o(.text.SystemCoreClockUpdate) refers to system_stm32f4xx.o(.rodata.AHBPrescTable) for AHBPrescTable
    system_stm32f4xx.o(.ARM.exidx.text.SystemCoreClockUpdate) refers to system_stm32f4xx.o(.text.SystemCoreClockUpdate) for [Anonymous Symbol]
    rand.o(.emb_text) refers (Special) to libinit2.o(.ARM.Collect$$libinit$$0000000F) for __rt_lib_init_rand_2
    rand.o(.emb_text) refers to rand.o(.text) for _rand_init
    rand.o(.emb_text) refers to rand.o(.bss) for _random_number_data
    rand.o(.text) refers (Special) to libinit2.o(.ARM.Collect$$libinit$$0000000F) for __rt_lib_init_rand_2
    rand.o(.text) refers to rand.o(.bss) for .bss
    rand.o(.bss) refers (Special) to libinit2.o(.ARM.Collect$$libinit$$0000000F) for __rt_lib_init_rand_2
    aeabi_memset.o(.text) refers to rt_memclr.o(.text) for _memset
    __main.o(!!!main) refers to __rtentry.o(.ARM.Collect$$rtentry$$00000000) for __rt_entry
    __rtentry.o(.ARM.Collect$$rtentry$$00000000) refers (Special) to __rtentry2.o(.ARM.Collect$$rtentry$$0000000A) for __rt_entry_li
    __rtentry.o(.ARM.Collect$$rtentry$$00000000) refers (Special) to __rtentry2.o(.ARM.Collect$$rtentry$$0000000D) for __rt_entry_main
    __rtentry.o(.ARM.Collect$$rtentry$$00000000) refers (Special) to __rtentry2.o(.ARM.Collect$$rtentry$$0000000C) for __rt_entry_postli_1
    __rtentry.o(.ARM.Collect$$rtentry$$00000000) refers (Special) to __rtentry2.o(.ARM.Collect$$rtentry$$00000009) for __rt_entry_postsh_1
    __rtentry.o(.ARM.Collect$$rtentry$$00000000) refers (Special) to __rtentry2.o(.ARM.Collect$$rtentry$$00000002) for __rt_entry_presh_1
    __rtentry.o(.ARM.Collect$$rtentry$$00000000) refers (Special) to __rtentry4.o(.ARM.Collect$$rtentry$$00000004) for __rt_entry_sh
    rt_memclr.o(.text) refers to rt_memclr_w.o(.text) for _memset_w
    libinit2.o(.ARM.Collect$$libinit$$00000001) refers to fpinit.o(x$fpl$fpinit) for _fp_init
    libinit2.o(.ARM.Collect$$libinit$$0000000F) refers (Weak) to rand.o(.text) for _rand_init
    libinit2.o(.ARM.Collect$$libinit$$00000012) refers to libinit2.o(.ARM.Collect$$libinit$$00000011) for .ARM.Collect$$libinit$$00000011
    libinit2.o(.ARM.Collect$$libinit$$00000014) refers to libinit2.o(.ARM.Collect$$libinit$$00000011) for .ARM.Collect$$libinit$$00000011
    libinit2.o(.ARM.Collect$$libinit$$00000016) refers to libinit2.o(.ARM.Collect$$libinit$$00000011) for .ARM.Collect$$libinit$$00000011
    libinit2.o(.ARM.Collect$$libinit$$00000018) refers to libinit2.o(.ARM.Collect$$libinit$$00000011) for .ARM.Collect$$libinit$$00000011
    libinit2.o(.ARM.Collect$$libinit$$0000001A) refers to libinit2.o(.ARM.Collect$$libinit$$00000011) for .ARM.Collect$$libinit$$00000011
    libinit2.o(.ARM.Collect$$libinit$$00000028) refers to argv_veneer.o(.emb_text) for __ARM_argv_veneer
    libinit2.o(.ARM.Collect$$libinit$$00000029) refers to argv_veneer.o(.emb_text) for __ARM_argv_veneer
    __rtentry2.o(.ARM.Collect$$rtentry$$00000008) refers to boardinit2.o(.text) for _platform_post_stackheap_init
    __rtentry2.o(.ARM.Collect$$rtentry$$0000000A) refers to libinit.o(.ARM.Collect$$libinit$$00000000) for __rt_lib_init
    __rtentry2.o(.ARM.Collect$$rtentry$$0000000B) refers to boardinit3.o(.text) for _platform_post_lib_init
    __rtentry2.o(.ARM.Collect$$rtentry$$0000000D) refers to main.o(.text.main) for main
    __rtentry2.o(.ARM.Collect$$rtentry$$0000000D) refers to exit.o(.text) for exit
    __rtentry2.o(.ARM.exidx) refers to __rtentry2.o(.ARM.Collect$$rtentry$$00000001) for .ARM.Collect$$rtentry$$00000001
    __rtentry2.o(.ARM.exidx) refers to __rtentry2.o(.ARM.Collect$$rtentry$$00000008) for .ARM.Collect$$rtentry$$00000008
    __rtentry2.o(.ARM.exidx) refers to __rtentry2.o(.ARM.Collect$$rtentry$$0000000A) for .ARM.Collect$$rtentry$$0000000A
    __rtentry2.o(.ARM.exidx) refers to __rtentry2.o(.ARM.Collect$$rtentry$$0000000B) for .ARM.Collect$$rtentry$$0000000B
    __rtentry2.o(.ARM.exidx) refers to __rtentry2.o(.ARM.Collect$$rtentry$$0000000D) for .ARM.Collect$$rtentry$$0000000D
    __rtentry4.o(.ARM.Collect$$rtentry$$00000004) refers to sys_stackheap_outer.o(.text) for __user_setup_stackheap
    __rtentry4.o(.ARM.exidx) refers to __rtentry4.o(.ARM.Collect$$rtentry$$00000004) for .ARM.Collect$$rtentry$$00000004
    argv_veneer.o(.emb_text) refers to no_argv.o(.text) for __ARM_get_argv
    sys_stackheap_outer.o(.text) refers to libspace.o(.text) for __user_perproc_libspace
    sys_stackheap_outer.o(.text) refers to startup_stm32f407xx.o(.text) for __user_initial_stackheap
    exit.o(.text) refers to rtexit.o(.ARM.Collect$$rtexit$$00000000) for __rt_exit
    _get_argv_nomalloc.o(.text) refers (Special) to hrguard.o(.text) for __heap_region$guard
    _get_argv_nomalloc.o(.text) refers to defsig_rtmem_outer.o(.text) for __rt_SIGRTMEM
    _get_argv_nomalloc.o(.text) refers to sys_command.o(.text) for _sys_command_string
    libinit.o(.ARM.Collect$$libinit$$00000000) refers (Special) to libinit2.o(.ARM.Collect$$libinit$$00000030) for __rt_lib_init_alloca_1
    libinit.o(.ARM.Collect$$libinit$$00000000) refers (Special) to libinit2.o(.ARM.Collect$$libinit$$0000002E) for __rt_lib_init_argv_1
    libinit.o(.ARM.Collect$$libinit$$00000000) refers (Special) to libinit2.o(.ARM.Collect$$libinit$$0000001D) for __rt_lib_init_atexit_1
    libinit.o(.ARM.Collect$$libinit$$00000000) refers (Special) to libinit2.o(.ARM.Collect$$libinit$$00000023) for __rt_lib_init_clock_1
    libinit.o(.ARM.Collect$$libinit$$00000000) refers (Special) to libinit2.o(.ARM.Collect$$libinit$$00000034) for __rt_lib_init_cpp_1
    libinit.o(.ARM.Collect$$libinit$$00000000) refers (Special) to libinit2.o(.ARM.Collect$$libinit$$00000032) for __rt_lib_init_exceptions_1
    libinit.o(.ARM.Collect$$libinit$$00000000) refers (Special) to libinit2.o(.ARM.Collect$$libinit$$00000001) for __rt_lib_init_fp_1
    libinit.o(.ARM.Collect$$libinit$$00000000) refers (Special) to libinit2.o(.ARM.Collect$$libinit$$00000021) for __rt_lib_init_fp_trap_1
    libinit.o(.ARM.Collect$$libinit$$00000000) refers (Special) to libinit2.o(.ARM.Collect$$libinit$$00000025) for __rt_lib_init_getenv_1
    libinit.o(.ARM.Collect$$libinit$$00000000) refers (Special) to libinit2.o(.ARM.Collect$$libinit$$0000000C) for __rt_lib_init_heap_1
    libinit.o(.ARM.Collect$$libinit$$00000000) refers (Special) to libinit2.o(.ARM.Collect$$libinit$$00000013) for __rt_lib_init_lc_collate_1
    libinit.o(.ARM.Collect$$libinit$$00000000) refers (Special) to libinit2.o(.ARM.Collect$$libinit$$00000015) for __rt_lib_init_lc_ctype_1
    libinit.o(.ARM.Collect$$libinit$$00000000) refers (Special) to libinit2.o(.ARM.Collect$$libinit$$00000017) for __rt_lib_init_lc_monetary_1
    libinit.o(.ARM.Collect$$libinit$$00000000) refers (Special) to libinit2.o(.ARM.Collect$$libinit$$00000019) for __rt_lib_init_lc_numeric_1
    libinit.o(.ARM.Collect$$libinit$$00000000) refers (Special) to libinit2.o(.ARM.Collect$$libinit$$0000001B) for __rt_lib_init_lc_time_1
    libinit.o(.ARM.Collect$$libinit$$00000000) refers (Special) to libinit2.o(.ARM.Collect$$libinit$$00000006) for __rt_lib_init_preinit_1
    libinit.o(.ARM.Collect$$libinit$$00000000) refers (Special) to libinit2.o(.ARM.Collect$$libinit$$00000010) for __rt_lib_init_rand_1
    libinit.o(.ARM.Collect$$libinit$$00000000) refers (Special) to libinit2.o(.ARM.Collect$$libinit$$00000004) for __rt_lib_init_relocate_pie_1
    libinit.o(.ARM.Collect$$libinit$$00000000) refers (Special) to libinit2.o(.ARM.Collect$$libinit$$00000035) for __rt_lib_init_return
    libinit.o(.ARM.Collect$$libinit$$00000000) refers (Special) to libinit2.o(.ARM.Collect$$libinit$$0000001F) for __rt_lib_init_signal_1
    libinit.o(.ARM.Collect$$libinit$$00000000) refers (Special) to libinit2.o(.ARM.Collect$$libinit$$00000027) for __rt_lib_init_stdio_1
    libinit.o(.ARM.Collect$$libinit$$00000000) refers (Special) to libinit2.o(.ARM.Collect$$libinit$$0000000E) for __rt_lib_init_user_alloc_1
    sys_command.o(.text) refers (Special) to use_no_semi.o(.text) for __I$use$semihosting
    sys_command.o(.text) refers (Special) to indicate_semi.o(.text) for __semihosting_library_function
    sys_command_hlt.o(.text) refers (Special) to use_no_semi.o(.text) for __I$use$semihosting
    sys_command_hlt.o(.text) refers (Special) to indicate_semi.o(.text) for __semihosting_library_function
    libspace.o(.text) refers to libspace.o(.bss) for __libspace_start
    rtexit.o(.ARM.Collect$$rtexit$$00000000) refers (Special) to rtexit2.o(.ARM.Collect$$rtexit$$00000004) for __rt_exit_exit
    rtexit.o(.ARM.Collect$$rtexit$$00000000) refers (Special) to rtexit2.o(.ARM.Collect$$rtexit$$00000003) for __rt_exit_ls
    rtexit.o(.ARM.Collect$$rtexit$$00000000) refers (Special) to rtexit2.o(.ARM.Collect$$rtexit$$00000002) for __rt_exit_prels_1
    rtexit.o(.ARM.exidx) refers (Special) to rtexit2.o(.ARM.Collect$$rtexit$$00000004) for __rt_exit_exit
    rtexit.o(.ARM.exidx) refers (Special) to rtexit2.o(.ARM.Collect$$rtexit$$00000003) for __rt_exit_ls
    rtexit.o(.ARM.exidx) refers (Special) to rtexit2.o(.ARM.Collect$$rtexit$$00000002) for __rt_exit_prels_1
    rtexit.o(.ARM.exidx) refers to rtexit.o(.ARM.Collect$$rtexit$$00000000) for .ARM.Collect$$rtexit$$00000000
    defsig_rtmem_outer.o(.text) refers to defsig_rtmem_inner.o(.text) for __rt_SIGRTMEM_inner
    defsig_rtmem_outer.o(.text) refers to defsig_exit.o(.text) for __sig_exit
    defsig_rtmem_formal.o(.text) refers to rt_raise.o(.text) for __rt_raise
    rtexit2.o(.ARM.Collect$$rtexit$$00000003) refers to libshutdown.o(.ARM.Collect$$libshutdown$$00000000) for __rt_lib_shutdown
    rtexit2.o(.ARM.Collect$$rtexit$$00000004) refers to sys_exit.o(.text) for _sys_exit
    rtexit2.o(.ARM.exidx) refers to rtexit2.o(.ARM.Collect$$rtexit$$00000001) for .ARM.Collect$$rtexit$$00000001
    rtexit2.o(.ARM.exidx) refers to rtexit2.o(.ARM.Collect$$rtexit$$00000003) for .ARM.Collect$$rtexit$$00000003
    rtexit2.o(.ARM.exidx) refers to rtexit2.o(.ARM.Collect$$rtexit$$00000004) for .ARM.Collect$$rtexit$$00000004
    rt_raise.o(.text) refers to __raise.o(.text) for __raise
    rt_raise.o(.text) refers to sys_exit.o(.text) for _sys_exit
    defsig_exit.o(.text) refers to sys_exit.o(.text) for _sys_exit
    defsig_rtmem_inner.o(.text) refers to defsig_general.o(.text) for __default_signal_display
    sys_exit.o(.text) refers (Special) to use_no_semi.o(.text) for __I$use$semihosting
    sys_exit.o(.text) refers (Special) to indicate_semi.o(.text) for __semihosting_library_function
    sys_exit_hlt.o(.text) refers (Special) to use_no_semi.o(.text) for __I$use$semihosting
    sys_exit_hlt.o(.text) refers (Special) to indicate_semi.o(.text) for __semihosting_library_function
    __raise.o(.text) refers to defsig.o(CL$$defsig) for __default_signal_handler
    defsig_general.o(.text) refers to sys_wrch.o(.text) for _ttywrch
    libshutdown.o(.ARM.Collect$$libshutdown$$00000000) refers (Special) to libshutdown2.o(.ARM.Collect$$libshutdown$$00000002) for __rt_lib_shutdown_cpp_1
    libshutdown.o(.ARM.Collect$$libshutdown$$00000000) refers (Special) to libshutdown2.o(.ARM.Collect$$libshutdown$$00000007) for __rt_lib_shutdown_fp_trap_1
    libshutdown.o(.ARM.Collect$$libshutdown$$00000000) refers (Special) to libshutdown2.o(.ARM.Collect$$libshutdown$$0000000F) for __rt_lib_shutdown_heap_1
    libshutdown.o(.ARM.Collect$$libshutdown$$00000000) refers (Special) to libshutdown2.o(.ARM.Collect$$libshutdown$$00000010) for __rt_lib_shutdown_return
    libshutdown.o(.ARM.Collect$$libshutdown$$00000000) refers (Special) to libshutdown2.o(.ARM.Collect$$libshutdown$$0000000A) for __rt_lib_shutdown_signal_1
    libshutdown.o(.ARM.Collect$$libshutdown$$00000000) refers (Special) to libshutdown2.o(.ARM.Collect$$libshutdown$$00000004) for __rt_lib_shutdown_stdio_1
    libshutdown.o(.ARM.Collect$$libshutdown$$00000000) refers (Special) to libshutdown2.o(.ARM.Collect$$libshutdown$$0000000C) for __rt_lib_shutdown_user_alloc_1
    sys_wrch.o(.text) refers (Special) to use_no_semi.o(.text) for __I$use$semihosting
    sys_wrch.o(.text) refers (Special) to indicate_semi.o(.text) for __semihosting_library_function
    sys_wrch_hlt.o(.text) refers (Special) to use_no_semi.o(.text) for __I$use$semihosting
    sys_wrch_hlt.o(.text) refers (Special) to indicate_semi.o(.text) for __semihosting_library_function
    defsig.o(CL$$defsig) refers to defsig_rtmem_inner.o(.text) for __rt_SIGRTMEM_inner
    defsig_abrt_inner.o(.text) refers to defsig_general.o(.text) for __default_signal_display
    defsig_fpe_inner.o(.text) refers to defsig_general.o(.text) for __default_signal_display
    defsig_rtred_inner.o(.text) refers to defsig_general.o(.text) for __default_signal_display
    defsig_stak_inner.o(.text) refers to defsig_general.o(.text) for __default_signal_display
    defsig_pvfn_inner.o(.text) refers to defsig_general.o(.text) for __default_signal_display
    defsig_cppl_inner.o(.text) refers to defsig_general.o(.text) for __default_signal_display
    defsig_segv_inner.o(.text) refers to defsig_general.o(.text) for __default_signal_display
    defsig_other.o(.text) refers to defsig_general.o(.text) for __default_signal_display


==============================================================================

Removing Unused input sections from the image.

    Removing main.o(.text), (0 bytes).
    Removing main.o(.ARM.exidx.text.main), (8 bytes).
    Removing main.o(.ARM.exidx.text.System_Init), (8 bytes).
    Removing main.o(.ARM.exidx.text.SimpleDelay), (8 bytes).
    Removing main.o(.ARM.exidx.text.I2C1_Init), (8 bytes).
    Removing main.o(.ARM.exidx.text.I2C_Scan), (8 bytes).
    Removing main.o(.ARM.exidx.text.Button_Init), (8 bytes).
    Removing main.o(.ARM.exidx.text.TIM2_Init), (8 bytes).
    Removing main.o(.ARM.exidx.text.EXTI0_IRQHandler), (8 bytes).
    Removing main.o(.ARM.exidx.text.TIM2_IRQHandler), (8 bytes).
    Removing main.o(.ARM.use_no_argv), (4 bytes).
    Removing stm32f407xx_gpio_driver.o(.text), (0 bytes).
    Removing stm32f407xx_gpio_driver.o(.ARM.exidx.text.GPIO_Init), (8 bytes).
    Removing stm32f407xx_gpio_driver.o(.ARM.exidx.text.GPIO_PinWrite), (8 bytes).
    Removing stm32f407xx_gpio_driver.o(.ARM.exidx.text.GPIO_PinToggle), (8 bytes).
    Removing stm32f407xx_gpio_driver.o(.text.GPIO_PinRead), (34 bytes).
    Removing stm32f407xx_gpio_driver.o(.ARM.exidx.text.GPIO_PinRead), (8 bytes).
    Removing stm32f407xx_gpio_driver.o(.ARM.exidx.text.GPIO_IT_Init), (8 bytes).
    Removing cortexm4.o(.text), (0 bytes).
    Removing cortexm4.o(.ARM.exidx.text.NVIC_SetPriority), (8 bytes).
    Removing cortexm4.o(.ARM.exidx.text.NVIC_EnableIRQ), (8 bytes).
    Removing stm32f407xx_usart_driver.o(.text), (0 bytes).
    Removing stm32f407xx_usart_driver.o(.text.RCC_GetPLLOutputClock), (4 bytes).
    Removing stm32f407xx_usart_driver.o(.ARM.exidx.text.RCC_GetPLLOutputClock), (8 bytes).
    Removing stm32f407xx_usart_driver.o(.text.RCC_GetPCLK1Val), (238 bytes).
    Removing stm32f407xx_usart_driver.o(.ARM.exidx.text.RCC_GetPCLK1Val), (8 bytes).
    Removing stm32f407xx_usart_driver.o(.text.RCC_GetPCLK2Val), (238 bytes).
    Removing stm32f407xx_usart_driver.o(.ARM.exidx.text.RCC_GetPCLK2Val), (8 bytes).
    Removing stm32f407xx_usart_driver.o(.text.USART_Init), (278 bytes).
    Removing stm32f407xx_usart_driver.o(.ARM.exidx.text.USART_Init), (8 bytes).
    Removing stm32f407xx_usart_driver.o(.text.USART_Transmit), (146 bytes).
    Removing stm32f407xx_usart_driver.o(.ARM.exidx.text.USART_Transmit), (8 bytes).
    Removing stm32f407xx_usart_driver.o(.text.USART_Receive), (206 bytes).
    Removing stm32f407xx_usart_driver.o(.ARM.exidx.text.USART_Receive), (8 bytes).
    Removing stm32f407xx_usart_driver.o(.data.AHB_PreScaler), (16 bytes).
    Removing stm32f407xx_usart_driver.o(.data.APB_PreScaler), (8 bytes).
    Removing stm32f407xx_timer_driver.o(.text), (0 bytes).
    Removing stm32f407xx_timer_driver.o(.ARM.exidx.text.TIM_Base_Init), (8 bytes).
    Removing stm32f407xx_timer_driver.o(.ARM.exidx.text.TIM_Base_ForceUpdate), (8 bytes).
    Removing stm32f407xx_timer_driver.o(.ARM.exidx.text.TIM_Base_Start), (8 bytes).
    Removing stm32f407xx_timer_driver.o(.text.TIM_Base_Stop), (18 bytes).
    Removing stm32f407xx_timer_driver.o(.ARM.exidx.text.TIM_Base_Stop), (8 bytes).
    Removing stm32f407xx_timer_driver.o(.ARM.exidx.text.TIM_Base_IT_Init), (8 bytes).
    Removing stm32f407xx_timer_driver.o(.text.TIM_OC_Init), (160 bytes).
    Removing stm32f407xx_timer_driver.o(.ARM.exidx.text.TIM_OC_Init), (8 bytes).
    Removing dino_game.o(.text), (0 bytes).
    Removing dino_game.o(.ARM.exidx.text.Game_Init), (8 bytes).
    Removing dino_game.o(.ARM.exidx.text.Game_Reset), (8 bytes).
    Removing dino_game.o(.ARM.exidx.text.Game_HandleInput), (8 bytes).
    Removing dino_game.o(.ARM.exidx.text.Dino_Jump), (8 bytes).
    Removing dino_game.o(.ARM.exidx.text.Dino_Update), (8 bytes).
    Removing dino_game.o(.ARM.exidx.text.Obstacles_Update), (8 bytes).
    Removing dino_game.o(.ARM.exidx.text.Clouds_Update), (8 bytes).
    Removing dino_game.o(.ARM.exidx.text.Game_CheckCollision), (8 bytes).
    Removing dino_game.o(.ARM.exidx.text.Game_Update), (8 bytes).
    Removing dino_game.o(.ARM.exidx.text.Draw_Ground), (8 bytes).
    Removing dino_game.o(.ARM.exidx.text.Draw_Score), (8 bytes).
    Removing dino_game.o(.ARM.exidx.text.Game_Draw), (8 bytes).
    Removing ssd1306.o(.text), (0 bytes).
    Removing ssd1306.o(.ARM.exidx.text.SSD1306_WriteCommand), (8 bytes).
    Removing ssd1306.o(.text.SSD1306_WriteData), (46 bytes).
    Removing ssd1306.o(.ARM.exidx.text.SSD1306_WriteData), (8 bytes).
    Removing ssd1306.o(.ARM.exidx.text.SSD1306_Init), (8 bytes).
    Removing ssd1306.o(.ARM.exidx.text.SSD1306_Fill), (8 bytes).
    Removing ssd1306.o(.ARM.exidx.text.SSD1306_UpdateScreen), (8 bytes).
    Removing ssd1306.o(.ARM.exidx.text.SSD1306_DrawPixel), (8 bytes).
    Removing ssd1306.o(.ARM.exidx.text.SSD1306_DrawLine), (8 bytes).
    Removing ssd1306.o(.text.SSD1306_DrawRectangle), (176 bytes).
    Removing ssd1306.o(.ARM.exidx.text.SSD1306_DrawRectangle), (8 bytes).
    Removing ssd1306.o(.text.SSD1306_DrawFilledRectangle), (136 bytes).
    Removing ssd1306.o(.ARM.exidx.text.SSD1306_DrawFilledRectangle), (8 bytes).
    Removing ssd1306.o(.ARM.exidx.text.SSD1306_DrawSprite), (8 bytes).
    Removing ssd1306.o(.ARM.exidx.text.SSD1306_DrawChar), (8 bytes).
    Removing ssd1306.o(.ARM.exidx.text.SSD1306_DrawString), (8 bytes).
    Removing ssd1306.o(.text.SSD1306_DrawNumber), (240 bytes).
    Removing ssd1306.o(.ARM.exidx.text.SSD1306_DrawNumber), (8 bytes).
    Removing stm32f407xx_i2c_driver.o(.text), (0 bytes).
    Removing stm32f407xx_i2c_driver.o(.ARM.exidx.text.I2C_Init), (8 bytes).
    Removing stm32f407xx_i2c_driver.o(.ARM.exidx.text.I2C_GetPCLK1), (8 bytes).
    Removing stm32f407xx_i2c_driver.o(.ARM.exidx.text.I2C_Start), (8 bytes).
    Removing stm32f407xx_i2c_driver.o(.ARM.exidx.text.I2C_Stop), (8 bytes).
    Removing stm32f407xx_i2c_driver.o(.ARM.exidx.text.I2C_SendAddress), (8 bytes).
    Removing stm32f407xx_i2c_driver.o(.text.I2C_SendData), (52 bytes).
    Removing stm32f407xx_i2c_driver.o(.ARM.exidx.text.I2C_SendData), (8 bytes).
    Removing stm32f407xx_i2c_driver.o(.ARM.exidx.text.I2C_MasterSendData), (8 bytes).
    Removing stm32f407xx_i2c_driver.o(.text.I2C_ReceiveData), (30 bytes).
    Removing stm32f407xx_i2c_driver.o(.ARM.exidx.text.I2C_ReceiveData), (8 bytes).
    Removing stm32f407xx_i2c_driver.o(.text.I2C_MasterReceiveData), (176 bytes).
    Removing stm32f407xx_i2c_driver.o(.ARM.exidx.text.I2C_MasterReceiveData), (8 bytes).
    Removing stm32f407xx_i2c_driver.o(.ARM.exidx.text.I2C_GetBusyFlag), (8 bytes).
    Removing stm32f407xx_i2c_driver.o(.ARM.exidx.text.I2C_Reset), (8 bytes).
    Removing system_stm32f4xx.o(.text), (0 bytes).
    Removing system_stm32f4xx.o(.ARM.exidx.text.SystemInit), (8 bytes).
    Removing system_stm32f4xx.o(.text.SystemCoreClockUpdate), (302 bytes).
    Removing system_stm32f4xx.o(.ARM.exidx.text.SystemCoreClockUpdate), (8 bytes).
    Removing system_stm32f4xx.o(.data.SystemCoreClock), (4 bytes).
    Removing system_stm32f4xx.o(.rodata.AHBPrescTable), (16 bytes).
    Removing system_stm32f4xx.o(.rodata.APBPrescTable), (8 bytes).

98 unused section(s) (total 3064 bytes) removed from the image.

==============================================================================

Image Symbol Table

    Local Symbols

    Symbol Name                              Value     Ov Type        Size  Object(Section)

    ../clib/angel/boardlib.s                 0x00000000   Number         0  boardinit1.o ABSOLUTE
    ../clib/angel/boardlib.s                 0x00000000   Number         0  boardinit2.o ABSOLUTE
    ../clib/angel/boardlib.s                 0x00000000   Number         0  boardinit3.o ABSOLUTE
    ../clib/angel/boardlib.s                 0x00000000   Number         0  boardshut.o ABSOLUTE
    ../clib/angel/handlers.s                 0x00000000   Number         0  __scatter_zi.o ABSOLUTE
    ../clib/angel/kernel.s                   0x00000000   Number         0  __rtentry.o ABSOLUTE
    ../clib/angel/kernel.s                   0x00000000   Number         0  __rtentry2.o ABSOLUTE
    ../clib/angel/kernel.s                   0x00000000   Number         0  __rtentry4.o ABSOLUTE
    ../clib/angel/kernel.s                   0x00000000   Number         0  rtexit.o ABSOLUTE
    ../clib/angel/kernel.s                   0x00000000   Number         0  rtexit2.o ABSOLUTE
    ../clib/angel/rt.s                       0x00000000   Number         0  rt_raise.o ABSOLUTE
    ../clib/angel/scatter.s                  0x00000000   Number         0  __scatter.o ABSOLUTE
    ../clib/angel/startup.s                  0x00000000   Number         0  __main.o ABSOLUTE
    ../clib/angel/sys.s                      0x00000000   Number         0  sys_stackheap_outer.o ABSOLUTE
    ../clib/angel/sys.s                      0x00000000   Number         0  libspace.o ABSOLUTE
    ../clib/angel/sys.s                      0x00000000   Number         0  use_no_semi.o ABSOLUTE
    ../clib/angel/sys.s                      0x00000000   Number         0  indicate_semi.o ABSOLUTE
    ../clib/angel/sysapp.c                   0x00000000   Number         0  sys_command.o ABSOLUTE
    ../clib/angel/sysapp.c                   0x00000000   Number         0  sys_command_hlt.o ABSOLUTE
    ../clib/angel/sysapp.c                   0x00000000   Number         0  sys_exit.o ABSOLUTE
    ../clib/angel/sysapp.c                   0x00000000   Number         0  sys_exit_hlt.o ABSOLUTE
    ../clib/angel/sysapp.c                   0x00000000   Number         0  sys_wrch.o ABSOLUTE
    ../clib/angel/sysapp.c                   0x00000000   Number         0  sys_wrch_hlt.o ABSOLUTE
    ../clib/armsys.c                         0x00000000   Number         0  argv_veneer.o ABSOLUTE
    ../clib/armsys.c                         0x00000000   Number         0  argv_veneer.o ABSOLUTE
    ../clib/armsys.c                         0x00000000   Number         0  _get_argv_nomalloc.o ABSOLUTE
    ../clib/armsys.c                         0x00000000   Number         0  no_argv.o ABSOLUTE
    ../clib/heapalloc.c                      0x00000000   Number         0  hrguard.o ABSOLUTE
    ../clib/heapaux.c                        0x00000000   Number         0  heapauxi.o ABSOLUTE
    ../clib/libinit.s                        0x00000000   Number         0  libinit2.o ABSOLUTE
    ../clib/libinit.s                        0x00000000   Number         0  libinit.o ABSOLUTE
    ../clib/libinit.s                        0x00000000   Number         0  libshutdown.o ABSOLUTE
    ../clib/libinit.s                        0x00000000   Number         0  libshutdown2.o ABSOLUTE
    ../clib/memcpset.s                       0x00000000   Number         0  aeabi_memset.o ABSOLUTE
    ../clib/memcpset.s                       0x00000000   Number         0  rt_memclr.o ABSOLUTE
    ../clib/memcpset.s                       0x00000000   Number         0  rt_memclr_w.o ABSOLUTE
    ../clib/signal.c                         0x00000000   Number         0  defsig_rtmem_outer.o ABSOLUTE
    ../clib/signal.c                         0x00000000   Number         0  defsig_rtmem_formal.o ABSOLUTE
    ../clib/signal.c                         0x00000000   Number         0  defsig_exit.o ABSOLUTE
    ../clib/signal.c                         0x00000000   Number         0  defsig_rtmem_inner.o ABSOLUTE
    ../clib/signal.c                         0x00000000   Number         0  __raise.o ABSOLUTE
    ../clib/signal.c                         0x00000000   Number         0  defsig_general.o ABSOLUTE
    ../clib/signal.c                         0x00000000   Number         0  defsig_abrt_inner.o ABSOLUTE
    ../clib/signal.c                         0x00000000   Number         0  defsig_fpe_inner.o ABSOLUTE
    ../clib/signal.c                         0x00000000   Number         0  defsig_rtred_inner.o ABSOLUTE
    ../clib/signal.c                         0x00000000   Number         0  defsig_stak_inner.o ABSOLUTE
    ../clib/signal.c                         0x00000000   Number         0  defsig_pvfn_inner.o ABSOLUTE
    ../clib/signal.c                         0x00000000   Number         0  defsig_cppl_inner.o ABSOLUTE
    ../clib/signal.c                         0x00000000   Number         0  defsig_segv_inner.o ABSOLUTE
    ../clib/signal.c                         0x00000000   Number         0  defsig_other.o ABSOLUTE
    ../clib/signal.s                         0x00000000   Number         0  defsig.o ABSOLUTE
    ../clib/stdlib.c                         0x00000000   Number         0  rand.o ABSOLUTE
    ../clib/stdlib.c                         0x00000000   Number         0  rand.o ABSOLUTE
    ../clib/stdlib.c                         0x00000000   Number         0  exit.o ABSOLUTE
    ../fplib/fpinit.s                        0x00000000   Number         0  fpinit.o ABSOLUTE
    RTE/Device/STM32F407VGTx/startup_stm32f407xx.s 0x00000000   Number         0  startup_stm32f407xx.o ABSOLUTE
    cortexM4.c                               0x00000000   Number         0  cortexm4.o ABSOLUTE
    dc.s                                     0x00000000   Number         0  dc.o ABSOLUTE
    dino_game.c                              0x00000000   Number         0  dino_game.o ABSOLUTE
    main.c                                   0x00000000   Number         0  main.o ABSOLUTE
    ssd1306.c                                0x00000000   Number         0  ssd1306.o ABSOLUTE
    stm32f407xx_gpio_driver.c                0x00000000   Number         0  stm32f407xx_gpio_driver.o ABSOLUTE
    stm32f407xx_i2c_driver.c                 0x00000000   Number         0  stm32f407xx_i2c_driver.o ABSOLUTE
    stm32f407xx_timer_driver.c               0x00000000   Number         0  stm32f407xx_timer_driver.o ABSOLUTE
    stm32f407xx_usart_driver.c               0x00000000   Number         0  stm32f407xx_usart_driver.o ABSOLUTE
    system_stm32f4xx.c                       0x00000000   Number         0  system_stm32f4xx.o ABSOLUTE
    RESET                                    0x08000000   Section      392  startup_stm32f407xx.o(RESET)
    !!!main                                  0x08000188   Section        8  __main.o(!!!main)
    !!!scatter                               0x08000190   Section       92  __scatter.o(!!!scatter)
    !!handler_null                           0x080001ec   Section        2  __scatter.o(!!handler_null)
    !!handler_zi                             0x080001f0   Section       28  __scatter_zi.o(!!handler_zi)
    .ARM.Collect$$libinit$$00000000          0x0800020c   Section        2  libinit.o(.ARM.Collect$$libinit$$00000000)
    .ARM.Collect$$libinit$$00000001          0x0800020e   Section        4  libinit2.o(.ARM.Collect$$libinit$$00000001)
    .ARM.Collect$$libinit$$00000004          0x08000212   Section        0  libinit2.o(.ARM.Collect$$libinit$$00000004)
    .ARM.Collect$$libinit$$00000006          0x08000212   Section        0  libinit2.o(.ARM.Collect$$libinit$$00000006)
    .ARM.Collect$$libinit$$0000000C          0x08000212   Section        0  libinit2.o(.ARM.Collect$$libinit$$0000000C)
    .ARM.Collect$$libinit$$0000000E          0x08000212   Section        0  libinit2.o(.ARM.Collect$$libinit$$0000000E)
    .ARM.Collect$$libinit$$0000000F          0x08000212   Section        4  libinit2.o(.ARM.Collect$$libinit$$0000000F)
    .ARM.Collect$$libinit$$00000010          0x08000216   Section        0  libinit2.o(.ARM.Collect$$libinit$$00000010)
    .ARM.Collect$$libinit$$00000013          0x08000216   Section        0  libinit2.o(.ARM.Collect$$libinit$$00000013)
    .ARM.Collect$$libinit$$00000015          0x08000216   Section        0  libinit2.o(.ARM.Collect$$libinit$$00000015)
    .ARM.Collect$$libinit$$00000017          0x08000216   Section        0  libinit2.o(.ARM.Collect$$libinit$$00000017)
    .ARM.Collect$$libinit$$00000019          0x08000216   Section        0  libinit2.o(.ARM.Collect$$libinit$$00000019)
    .ARM.Collect$$libinit$$0000001B          0x08000216   Section        0  libinit2.o(.ARM.Collect$$libinit$$0000001B)
    .ARM.Collect$$libinit$$0000001D          0x08000216   Section        0  libinit2.o(.ARM.Collect$$libinit$$0000001D)
    .ARM.Collect$$libinit$$0000001F          0x08000216   Section        0  libinit2.o(.ARM.Collect$$libinit$$0000001F)
    .ARM.Collect$$libinit$$00000021          0x08000216   Section        0  libinit2.o(.ARM.Collect$$libinit$$00000021)
    .ARM.Collect$$libinit$$00000023          0x08000216   Section        0  libinit2.o(.ARM.Collect$$libinit$$00000023)
    .ARM.Collect$$libinit$$00000025          0x08000216   Section        0  libinit2.o(.ARM.Collect$$libinit$$00000025)
    .ARM.Collect$$libinit$$00000027          0x08000216   Section        0  libinit2.o(.ARM.Collect$$libinit$$00000027)
    .ARM.Collect$$libinit$$0000002E          0x08000216   Section        0  libinit2.o(.ARM.Collect$$libinit$$0000002E)
    .ARM.Collect$$libinit$$00000030          0x08000216   Section        0  libinit2.o(.ARM.Collect$$libinit$$00000030)
    .ARM.Collect$$libinit$$00000032          0x08000216   Section        0  libinit2.o(.ARM.Collect$$libinit$$00000032)
    .ARM.Collect$$libinit$$00000034          0x08000216   Section        0  libinit2.o(.ARM.Collect$$libinit$$00000034)
    .ARM.Collect$$libinit$$00000035          0x08000216   Section        2  libinit2.o(.ARM.Collect$$libinit$$00000035)
    .ARM.Collect$$libshutdown$$00000000      0x08000218   Section        2  libshutdown.o(.ARM.Collect$$libshutdown$$00000000)
    .ARM.Collect$$libshutdown$$00000002      0x0800021a   Section        0  libshutdown2.o(.ARM.Collect$$libshutdown$$00000002)
    .ARM.Collect$$libshutdown$$00000004      0x0800021a   Section        0  libshutdown2.o(.ARM.Collect$$libshutdown$$00000004)
    .ARM.Collect$$libshutdown$$00000007      0x0800021a   Section        0  libshutdown2.o(.ARM.Collect$$libshutdown$$00000007)
    .ARM.Collect$$libshutdown$$0000000A      0x0800021a   Section        0  libshutdown2.o(.ARM.Collect$$libshutdown$$0000000A)
    .ARM.Collect$$libshutdown$$0000000C      0x0800021a   Section        0  libshutdown2.o(.ARM.Collect$$libshutdown$$0000000C)
    .ARM.Collect$$libshutdown$$0000000F      0x0800021a   Section        0  libshutdown2.o(.ARM.Collect$$libshutdown$$0000000F)
    .ARM.Collect$$libshutdown$$00000010      0x0800021a   Section        2  libshutdown2.o(.ARM.Collect$$libshutdown$$00000010)
    .ARM.Collect$$rtentry$$00000000          0x0800021c   Section        0  __rtentry.o(.ARM.Collect$$rtentry$$00000000)
    .ARM.Collect$$rtentry$$00000002          0x0800021c   Section        0  __rtentry2.o(.ARM.Collect$$rtentry$$00000002)
    .ARM.Collect$$rtentry$$00000004          0x0800021c   Section        6  __rtentry4.o(.ARM.Collect$$rtentry$$00000004)
    .ARM.Collect$$rtentry$$00000009          0x08000222   Section        0  __rtentry2.o(.ARM.Collect$$rtentry$$00000009)
    .ARM.Collect$$rtentry$$0000000A          0x08000222   Section        4  __rtentry2.o(.ARM.Collect$$rtentry$$0000000A)
    .ARM.Collect$$rtentry$$0000000C          0x08000226   Section        0  __rtentry2.o(.ARM.Collect$$rtentry$$0000000C)
    .ARM.Collect$$rtentry$$0000000D          0x08000226   Section        8  __rtentry2.o(.ARM.Collect$$rtentry$$0000000D)
    .ARM.Collect$$rtexit$$00000000           0x0800022e   Section        2  rtexit.o(.ARM.Collect$$rtexit$$00000000)
    .ARM.Collect$$rtexit$$00000002           0x08000230   Section        0  rtexit2.o(.ARM.Collect$$rtexit$$00000002)
    .ARM.Collect$$rtexit$$00000003           0x08000230   Section        4  rtexit2.o(.ARM.Collect$$rtexit$$00000003)
    .ARM.Collect$$rtexit$$00000004           0x08000234   Section        6  rtexit2.o(.ARM.Collect$$rtexit$$00000004)
    .emb_text                                0x0800023c   Section       52  rand.o(.emb_text)
    $v0                                      0x08000270   Number         0  startup_stm32f407xx.o(.text)
    .text                                    0x08000270   Section       64  startup_stm32f407xx.o(.text)
    .text                                    0x080002b0   Section        0  rand.o(.text)
    .text                                    0x080002ec   Section       16  aeabi_memset.o(.text)
    .text                                    0x080002fc   Section        0  heapauxi.o(.text)
    .text                                    0x08000302   Section       68  rt_memclr.o(.text)
    .text                                    0x08000346   Section       78  rt_memclr_w.o(.text)
    .text                                    0x08000394   Section       74  sys_stackheap_outer.o(.text)
    .text                                    0x080003de   Section        0  exit.o(.text)
    .text                                    0x080003f0   Section        8  libspace.o(.text)
    .text                                    0x080003f8   Section        2  use_no_semi.o(.text)
    .text                                    0x080003fa   Section        0  indicate_semi.o(.text)
    .text                                    0x080003fc   Section        0  sys_exit.o(.text)
    [Anonymous Symbol]                       0x08000408   Section        0  main.o(.text.Button_Init)
    [Anonymous Symbol]                       0x0800046c   Section        0  dino_game.o(.text.Clouds_Update)
    [Anonymous Symbol]                       0x08000524   Section        0  dino_game.o(.text.Dino_Jump)
    [Anonymous Symbol]                       0x08000544   Section        0  dino_game.o(.text.Dino_Update)
    [Anonymous Symbol]                       0x08000588   Section        0  dino_game.o(.text.Draw_Ground)
    [Anonymous Symbol]                       0x080005a4   Section        0  dino_game.o(.text.Draw_Score)
    [Anonymous Symbol]                       0x08000684   Section        0  main.o(.text.EXTI0_IRQHandler)
    [Anonymous Symbol]                       0x080006b4   Section        0  stm32f407xx_gpio_driver.o(.text.GPIO_IT_Init)
    [Anonymous Symbol]                       0x08000a64   Section        0  stm32f407xx_gpio_driver.o(.text.GPIO_Init)
    [Anonymous Symbol]                       0x08000b68   Section        0  stm32f407xx_gpio_driver.o(.text.GPIO_PinToggle)
    [Anonymous Symbol]                       0x08000b88   Section        0  stm32f407xx_gpio_driver.o(.text.GPIO_PinWrite)
    [Anonymous Symbol]                       0x08000bcc   Section        0  dino_game.o(.text.Game_CheckCollision)
    [Anonymous Symbol]                       0x08000c68   Section        0  dino_game.o(.text.Game_Draw)
    [Anonymous Symbol]                       0x08000dc0   Section        0  dino_game.o(.text.Game_HandleInput)
    [Anonymous Symbol]                       0x08000e2c   Section        0  dino_game.o(.text.Game_Init)
    [Anonymous Symbol]                       0x08000ecc   Section        0  dino_game.o(.text.Game_Reset)
    [Anonymous Symbol]                       0x08000ee4   Section        0  dino_game.o(.text.Game_Update)
    [Anonymous Symbol]                       0x08000f30   Section        0  main.o(.text.I2C1_Init)
    [Anonymous Symbol]                       0x08000fdc   Section        0  stm32f407xx_i2c_driver.o(.text.I2C_GetBusyFlag)
    I2C_GetPCLK1                             0x08000fed   Thumb Code   214  stm32f407xx_i2c_driver.o(.text.I2C_GetPCLK1)
    [Anonymous Symbol]                       0x08000fec   Section        0  stm32f407xx_i2c_driver.o(.text.I2C_GetPCLK1)
    [Anonymous Symbol]                       0x080010c4   Section        0  stm32f407xx_i2c_driver.o(.text.I2C_Init)
    [Anonymous Symbol]                       0x080011f4   Section        0  stm32f407xx_i2c_driver.o(.text.I2C_MasterSendData)
    [Anonymous Symbol]                       0x08001264   Section        0  stm32f407xx_i2c_driver.o(.text.I2C_Reset)
    [Anonymous Symbol]                       0x08001280   Section        0  main.o(.text.I2C_Scan)
    [Anonymous Symbol]                       0x08001424   Section        0  stm32f407xx_i2c_driver.o(.text.I2C_SendAddress)
    [Anonymous Symbol]                       0x08001484   Section        0  stm32f407xx_i2c_driver.o(.text.I2C_Start)
    [Anonymous Symbol]                       0x080014a4   Section        0  stm32f407xx_i2c_driver.o(.text.I2C_Stop)
    [Anonymous Symbol]                       0x080014b8   Section        0  cortexm4.o(.text.NVIC_EnableIRQ)
    [Anonymous Symbol]                       0x080014f8   Section        0  cortexm4.o(.text.NVIC_SetPriority)
    [Anonymous Symbol]                       0x0800155c   Section        0  dino_game.o(.text.Obstacles_Update)
    [Anonymous Symbol]                       0x08001628   Section        0  ssd1306.o(.text.SSD1306_DrawChar)
    [Anonymous Symbol]                       0x08001710   Section        0  ssd1306.o(.text.SSD1306_DrawLine)
    [Anonymous Symbol]                       0x08001860   Section        0  ssd1306.o(.text.SSD1306_DrawPixel)
    [Anonymous Symbol]                       0x080018ec   Section        0  ssd1306.o(.text.SSD1306_DrawSprite)
    [Anonymous Symbol]                       0x080019b8   Section        0  ssd1306.o(.text.SSD1306_DrawString)
    [Anonymous Symbol]                       0x08001a58   Section        0  ssd1306.o(.text.SSD1306_Fill)
    [Anonymous Symbol]                       0x08001a80   Section        0  ssd1306.o(.text.SSD1306_Init)
    [Anonymous Symbol]                       0x08001b60   Section        0  ssd1306.o(.text.SSD1306_UpdateScreen)
    [Anonymous Symbol]                       0x08001bec   Section        0  ssd1306.o(.text.SSD1306_WriteCommand)
    [Anonymous Symbol]                       0x08001c1c   Section        0  main.o(.text.SimpleDelay)
    [Anonymous Symbol]                       0x08001c40   Section        0  system_stm32f4xx.o(.text.SystemInit)
    [Anonymous Symbol]                       0x08001c54   Section        0  main.o(.text.System_Init)
    [Anonymous Symbol]                       0x08001c8c   Section        0  main.o(.text.TIM2_IRQHandler)
    [Anonymous Symbol]                       0x08001cb8   Section        0  main.o(.text.TIM2_Init)
    [Anonymous Symbol]                       0x08001d0c   Section        0  stm32f407xx_timer_driver.o(.text.TIM_Base_ForceUpdate)
    [Anonymous Symbol]                       0x08001d28   Section        0  stm32f407xx_timer_driver.o(.text.TIM_Base_IT_Init)
    [Anonymous Symbol]                       0x08001dac   Section        0  stm32f407xx_timer_driver.o(.text.TIM_Base_Init)
    [Anonymous Symbol]                       0x08001de4   Section        0  stm32f407xx_timer_driver.o(.text.TIM_Base_Start)
    [Anonymous Symbol]                       0x08001df8   Section        0  main.o(.text.main)
    $v0                                      0x08001f8c   Number         0  fpinit.o(x$fpl$fpinit)
    x$fpl$fpinit                             0x08001f8c   Section       26  fpinit.o(x$fpl$fpinit)
    .L.str                                   0x0800213d   Data           8  main.o(.rodata.str1.1)
    [Anonymous Symbol]                       0x0800213d   Section        0  main.o(.rodata.str1.1)
    .L.str.1                                 0x08002145   Data          11  dino_game.o(.rodata.str1.1)
    [Anonymous Symbol]                       0x08002145   Section        0  dino_game.o(.rodata.str1.1)
    .L.str                                   0x08002150   Data          15  dino_game.o(.rodata.str1.1)
    .bss                                     0x20000000   Section      228  rand.o(.bss)
    .bss                                     0x200000e4   Section       96  libspace.o(.bss)
    SSD1306_CurrentX                         0x20000544   Data           1  ssd1306.o(.bss.SSD1306_CurrentX)
    [Anonymous Symbol]                       0x20000544   Section        0  ssd1306.o(.bss.SSD1306_CurrentX)
    SSD1306_CurrentY                         0x20000545   Data           1  ssd1306.o(.bss.SSD1306_CurrentY)
    [Anonymous Symbol]                       0x20000545   Section        0  ssd1306.o(.bss.SSD1306_CurrentY)
    Heap_Mem                                 0x20000568   Data         512  startup_stm32f407xx.o(HEAP)
    HEAP                                     0x20000568   Section      512  startup_stm32f407xx.o(HEAP)
    Stack_Mem                                0x20000768   Data        1024  startup_stm32f407xx.o(STACK)
    STACK                                    0x20000768   Section     1024  startup_stm32f407xx.o(STACK)
    __initial_sp                             0x20000b68   Data           0  startup_stm32f407xx.o(STACK)

    Global Symbols

    Symbol Name                              Value     Ov Type        Size  Object(Section)

    BuildAttributes$$THM_ISAv4$E$P$D$K$B$S$7EM$VFPi3$EXTD16$VFPS$VFMA$PE$A:L22UL41UL21$X:L11$S22US41US21$IEEE1$IW$~IW$USESV6$~STKCKD$USESV7$~SHL$OSPACE$ROPI$EBA8$UX$STANDARDLIB$REQ8$PRES8$EABIv2 0x00000000   Number         0  anon$$obj.o ABSOLUTE
    __ARM_exceptions_init                     - Undefined Weak Reference
    __alloca_initialize                       - Undefined Weak Reference
    __arm_preinit_                            - Undefined Weak Reference
    __arm_relocate_pie_                       - Undefined Weak Reference
    __cpp_initialize__aeabi_                  - Undefined Weak Reference
    __cxa_finalize                            - Undefined Weak Reference
    __rt_locale                               - Undefined Weak Reference
    __sigvec_lookup                           - Undefined Weak Reference
    _atexit_init                              - Undefined Weak Reference
    _call_atexit_fns                          - Undefined Weak Reference
    _clock_init                               - Undefined Weak Reference
    _fp_trap_init                             - Undefined Weak Reference
    _fp_trap_shutdown                         - Undefined Weak Reference
    _get_lc_collate                           - Undefined Weak Reference
    _get_lc_ctype                             - Undefined Weak Reference
    _get_lc_monetary                          - Undefined Weak Reference
    _get_lc_numeric                           - Undefined Weak Reference
    _get_lc_time                              - Undefined Weak Reference
    _getenv_init                              - Undefined Weak Reference
    _handle_redirection                       - Undefined Weak Reference
    _init_alloc                               - Undefined Weak Reference
    _init_user_alloc                          - Undefined Weak Reference
    _initio                                   - Undefined Weak Reference
    _signal_finish                            - Undefined Weak Reference
    _signal_init                              - Undefined Weak Reference
    _terminate_alloc                          - Undefined Weak Reference
    _terminate_user_alloc                     - Undefined Weak Reference
    _terminateio                              - Undefined Weak Reference
    __Vectors_Size                           0x00000188   Number         0  startup_stm32f407xx.o ABSOLUTE
    __Vectors                                0x08000000   Data           4  startup_stm32f407xx.o(RESET)
    __Vectors_End                            0x08000188   Data           0  startup_stm32f407xx.o(RESET)
    __main                                   0x08000189   Thumb Code     8  __main.o(!!!main)
    __scatterload                            0x08000191   Thumb Code     0  __scatter.o(!!!scatter)
    __scatterload_rt2                        0x08000191   Thumb Code    84  __scatter.o(!!!scatter)
    __scatterload_rt2_thumb_only             0x08000191   Thumb Code     0  __scatter.o(!!!scatter)
    __scatterload_loop                       0x0800019b   Thumb Code     0  __scatter.o(!!!scatter)
    __scatterload_null                       0x080001ed   Thumb Code     2  __scatter.o(!!handler_null)
    __scatterload_zeroinit                   0x080001f1   Thumb Code    28  __scatter_zi.o(!!handler_zi)
    __rt_lib_init                            0x0800020d   Thumb Code     0  libinit.o(.ARM.Collect$$libinit$$00000000)
    __rt_lib_init_fp_1                       0x0800020f   Thumb Code     0  libinit2.o(.ARM.Collect$$libinit$$00000001)
    __rt_lib_init_heap_1                     0x08000213   Thumb Code     0  libinit2.o(.ARM.Collect$$libinit$$0000000C)
    __rt_lib_init_preinit_1                  0x08000213   Thumb Code     0  libinit2.o(.ARM.Collect$$libinit$$00000006)
    __rt_lib_init_rand_2                     0x08000213   Thumb Code     0  libinit2.o(.ARM.Collect$$libinit$$0000000F)
    __rt_lib_init_relocate_pie_1             0x08000213   Thumb Code     0  libinit2.o(.ARM.Collect$$libinit$$00000004)
    __rt_lib_init_user_alloc_1               0x08000213   Thumb Code     0  libinit2.o(.ARM.Collect$$libinit$$0000000E)
    __rt_lib_init_alloca_1                   0x08000217   Thumb Code     0  libinit2.o(.ARM.Collect$$libinit$$00000030)
    __rt_lib_init_argv_1                     0x08000217   Thumb Code     0  libinit2.o(.ARM.Collect$$libinit$$0000002E)
    __rt_lib_init_atexit_1                   0x08000217   Thumb Code     0  libinit2.o(.ARM.Collect$$libinit$$0000001D)
    __rt_lib_init_clock_1                    0x08000217   Thumb Code     0  libinit2.o(.ARM.Collect$$libinit$$00000023)
    __rt_lib_init_cpp_1                      0x08000217   Thumb Code     0  libinit2.o(.ARM.Collect$$libinit$$00000034)
    __rt_lib_init_exceptions_1               0x08000217   Thumb Code     0  libinit2.o(.ARM.Collect$$libinit$$00000032)
    __rt_lib_init_fp_trap_1                  0x08000217   Thumb Code     0  libinit2.o(.ARM.Collect$$libinit$$00000021)
    __rt_lib_init_getenv_1                   0x08000217   Thumb Code     0  libinit2.o(.ARM.Collect$$libinit$$00000025)
    __rt_lib_init_lc_collate_1               0x08000217   Thumb Code     0  libinit2.o(.ARM.Collect$$libinit$$00000013)
    __rt_lib_init_lc_ctype_1                 0x08000217   Thumb Code     0  libinit2.o(.ARM.Collect$$libinit$$00000015)
    __rt_lib_init_lc_monetary_1              0x08000217   Thumb Code     0  libinit2.o(.ARM.Collect$$libinit$$00000017)
    __rt_lib_init_lc_numeric_1               0x08000217   Thumb Code     0  libinit2.o(.ARM.Collect$$libinit$$00000019)
    __rt_lib_init_lc_time_1                  0x08000217   Thumb Code     0  libinit2.o(.ARM.Collect$$libinit$$0000001B)
    __rt_lib_init_rand_1                     0x08000217   Thumb Code     0  libinit2.o(.ARM.Collect$$libinit$$00000010)
    __rt_lib_init_return                     0x08000217   Thumb Code     0  libinit2.o(.ARM.Collect$$libinit$$00000035)
    __rt_lib_init_signal_1                   0x08000217   Thumb Code     0  libinit2.o(.ARM.Collect$$libinit$$0000001F)
    __rt_lib_init_stdio_1                    0x08000217   Thumb Code     0  libinit2.o(.ARM.Collect$$libinit$$00000027)
    __rt_lib_shutdown                        0x08000219   Thumb Code     0  libshutdown.o(.ARM.Collect$$libshutdown$$00000000)
    __rt_lib_shutdown_cpp_1                  0x0800021b   Thumb Code     0  libshutdown2.o(.ARM.Collect$$libshutdown$$00000002)
    __rt_lib_shutdown_fp_trap_1              0x0800021b   Thumb Code     0  libshutdown2.o(.ARM.Collect$$libshutdown$$00000007)
    __rt_lib_shutdown_heap_1                 0x0800021b   Thumb Code     0  libshutdown2.o(.ARM.Collect$$libshutdown$$0000000F)
    __rt_lib_shutdown_return                 0x0800021b   Thumb Code     0  libshutdown2.o(.ARM.Collect$$libshutdown$$00000010)
    __rt_lib_shutdown_signal_1               0x0800021b   Thumb Code     0  libshutdown2.o(.ARM.Collect$$libshutdown$$0000000A)
    __rt_lib_shutdown_stdio_1                0x0800021b   Thumb Code     0  libshutdown2.o(.ARM.Collect$$libshutdown$$00000004)
    __rt_lib_shutdown_user_alloc_1           0x0800021b   Thumb Code     0  libshutdown2.o(.ARM.Collect$$libshutdown$$0000000C)
    __rt_entry                               0x0800021d   Thumb Code     0  __rtentry.o(.ARM.Collect$$rtentry$$00000000)
    __rt_entry_presh_1                       0x0800021d   Thumb Code     0  __rtentry2.o(.ARM.Collect$$rtentry$$00000002)
    __rt_entry_sh                            0x0800021d   Thumb Code     0  __rtentry4.o(.ARM.Collect$$rtentry$$00000004)
    __rt_entry_li                            0x08000223   Thumb Code     0  __rtentry2.o(.ARM.Collect$$rtentry$$0000000A)
    __rt_entry_postsh_1                      0x08000223   Thumb Code     0  __rtentry2.o(.ARM.Collect$$rtentry$$00000009)
    __rt_entry_main                          0x08000227   Thumb Code     0  __rtentry2.o(.ARM.Collect$$rtentry$$0000000D)
    __rt_entry_postli_1                      0x08000227   Thumb Code     0  __rtentry2.o(.ARM.Collect$$rtentry$$0000000C)
    __rt_exit                                0x0800022f   Thumb Code     0  rtexit.o(.ARM.Collect$$rtexit$$00000000)
    __rt_exit_ls                             0x08000231   Thumb Code     0  rtexit2.o(.ARM.Collect$$rtexit$$00000003)
    __rt_exit_prels_1                        0x08000231   Thumb Code     0  rtexit2.o(.ARM.Collect$$rtexit$$00000002)
    __rt_exit_exit                           0x08000235   Thumb Code     0  rtexit2.o(.ARM.Collect$$rtexit$$00000004)
    rand                                     0x0800023d   Thumb Code    48  rand.o(.emb_text)
    Reset_Handler                            0x08000271   Thumb Code     8  startup_stm32f407xx.o(.text)
    NMI_Handler                              0x08000279   Thumb Code     2  startup_stm32f407xx.o(.text)
    HardFault_Handler                        0x0800027b   Thumb Code     2  startup_stm32f407xx.o(.text)
    MemManage_Handler                        0x0800027d   Thumb Code     2  startup_stm32f407xx.o(.text)
    BusFault_Handler                         0x0800027f   Thumb Code     2  startup_stm32f407xx.o(.text)
    UsageFault_Handler                       0x08000281   Thumb Code     2  startup_stm32f407xx.o(.text)
    SVC_Handler                              0x08000283   Thumb Code     2  startup_stm32f407xx.o(.text)
    DebugMon_Handler                         0x08000285   Thumb Code     2  startup_stm32f407xx.o(.text)
    PendSV_Handler                           0x08000287   Thumb Code     2  startup_stm32f407xx.o(.text)
    SysTick_Handler                          0x08000289   Thumb Code     2  startup_stm32f407xx.o(.text)
    ADC_IRQHandler                           0x0800028b   Thumb Code     0  startup_stm32f407xx.o(.text)
    CAN1_RX0_IRQHandler                      0x0800028b   Thumb Code     0  startup_stm32f407xx.o(.text)
    CAN1_RX1_IRQHandler                      0x0800028b   Thumb Code     0  startup_stm32f407xx.o(.text)
    CAN1_SCE_IRQHandler                      0x0800028b   Thumb Code     0  startup_stm32f407xx.o(.text)
    CAN1_TX_IRQHandler                       0x0800028b   Thumb Code     0  startup_stm32f407xx.o(.text)
    CAN2_RX0_IRQHandler                      0x0800028b   Thumb Code     0  startup_stm32f407xx.o(.text)
    CAN2_RX1_IRQHandler                      0x0800028b   Thumb Code     0  startup_stm32f407xx.o(.text)
    CAN2_SCE_IRQHandler                      0x0800028b   Thumb Code     0  startup_stm32f407xx.o(.text)
    CAN2_TX_IRQHandler                       0x0800028b   Thumb Code     0  startup_stm32f407xx.o(.text)
    DCMI_IRQHandler                          0x0800028b   Thumb Code     0  startup_stm32f407xx.o(.text)
    DMA1_Stream0_IRQHandler                  0x0800028b   Thumb Code     0  startup_stm32f407xx.o(.text)
    DMA1_Stream1_IRQHandler                  0x0800028b   Thumb Code     0  startup_stm32f407xx.o(.text)
    DMA1_Stream2_IRQHandler                  0x0800028b   Thumb Code     0  startup_stm32f407xx.o(.text)
    DMA1_Stream3_IRQHandler                  0x0800028b   Thumb Code     0  startup_stm32f407xx.o(.text)
    DMA1_Stream4_IRQHandler                  0x0800028b   Thumb Code     0  startup_stm32f407xx.o(.text)
    DMA1_Stream5_IRQHandler                  0x0800028b   Thumb Code     0  startup_stm32f407xx.o(.text)
    DMA1_Stream6_IRQHandler                  0x0800028b   Thumb Code     0  startup_stm32f407xx.o(.text)
    DMA1_Stream7_IRQHandler                  0x0800028b   Thumb Code     0  startup_stm32f407xx.o(.text)
    DMA2_Stream0_IRQHandler                  0x0800028b   Thumb Code     0  startup_stm32f407xx.o(.text)
    DMA2_Stream1_IRQHandler                  0x0800028b   Thumb Code     0  startup_stm32f407xx.o(.text)
    DMA2_Stream2_IRQHandler                  0x0800028b   Thumb Code     0  startup_stm32f407xx.o(.text)
    DMA2_Stream3_IRQHandler                  0x0800028b   Thumb Code     0  startup_stm32f407xx.o(.text)
    DMA2_Stream4_IRQHandler                  0x0800028b   Thumb Code     0  startup_stm32f407xx.o(.text)
    DMA2_Stream5_IRQHandler                  0x0800028b   Thumb Code     0  startup_stm32f407xx.o(.text)
    DMA2_Stream6_IRQHandler                  0x0800028b   Thumb Code     0  startup_stm32f407xx.o(.text)
    DMA2_Stream7_IRQHandler                  0x0800028b   Thumb Code     0  startup_stm32f407xx.o(.text)
    ETH_IRQHandler                           0x0800028b   Thumb Code     0  startup_stm32f407xx.o(.text)
    ETH_WKUP_IRQHandler                      0x0800028b   Thumb Code     0  startup_stm32f407xx.o(.text)
    EXTI15_10_IRQHandler                     0x0800028b   Thumb Code     0  startup_stm32f407xx.o(.text)
    EXTI1_IRQHandler                         0x0800028b   Thumb Code     0  startup_stm32f407xx.o(.text)
    EXTI2_IRQHandler                         0x0800028b   Thumb Code     0  startup_stm32f407xx.o(.text)
    EXTI3_IRQHandler                         0x0800028b   Thumb Code     0  startup_stm32f407xx.o(.text)
    EXTI4_IRQHandler                         0x0800028b   Thumb Code     0  startup_stm32f407xx.o(.text)
    EXTI9_5_IRQHandler                       0x0800028b   Thumb Code     0  startup_stm32f407xx.o(.text)
    FLASH_IRQHandler                         0x0800028b   Thumb Code     0  startup_stm32f407xx.o(.text)
    FMC_IRQHandler                           0x0800028b   Thumb Code     0  startup_stm32f407xx.o(.text)
    FPU_IRQHandler                           0x0800028b   Thumb Code     0  startup_stm32f407xx.o(.text)
    HASH_RNG_IRQHandler                      0x0800028b   Thumb Code     0  startup_stm32f407xx.o(.text)
    I2C1_ER_IRQHandler                       0x0800028b   Thumb Code     0  startup_stm32f407xx.o(.text)
    I2C1_EV_IRQHandler                       0x0800028b   Thumb Code     0  startup_stm32f407xx.o(.text)
    I2C2_ER_IRQHandler                       0x0800028b   Thumb Code     0  startup_stm32f407xx.o(.text)
    I2C2_EV_IRQHandler                       0x0800028b   Thumb Code     0  startup_stm32f407xx.o(.text)
    I2C3_ER_IRQHandler                       0x0800028b   Thumb Code     0  startup_stm32f407xx.o(.text)
    I2C3_EV_IRQHandler                       0x0800028b   Thumb Code     0  startup_stm32f407xx.o(.text)
    OTG_FS_IRQHandler                        0x0800028b   Thumb Code     0  startup_stm32f407xx.o(.text)
    OTG_FS_WKUP_IRQHandler                   0x0800028b   Thumb Code     0  startup_stm32f407xx.o(.text)
    OTG_HS_EP1_IN_IRQHandler                 0x0800028b   Thumb Code     0  startup_stm32f407xx.o(.text)
    OTG_HS_EP1_OUT_IRQHandler                0x0800028b   Thumb Code     0  startup_stm32f407xx.o(.text)
    OTG_HS_IRQHandler                        0x0800028b   Thumb Code     0  startup_stm32f407xx.o(.text)
    OTG_HS_WKUP_IRQHandler                   0x0800028b   Thumb Code     0  startup_stm32f407xx.o(.text)
    PVD_IRQHandler                           0x0800028b   Thumb Code     0  startup_stm32f407xx.o(.text)
    RCC_IRQHandler                           0x0800028b   Thumb Code     0  startup_stm32f407xx.o(.text)
    RTC_Alarm_IRQHandler                     0x0800028b   Thumb Code     0  startup_stm32f407xx.o(.text)
    RTC_WKUP_IRQHandler                      0x0800028b   Thumb Code     0  startup_stm32f407xx.o(.text)
    SDIO_IRQHandler                          0x0800028b   Thumb Code     0  startup_stm32f407xx.o(.text)
    SPI1_IRQHandler                          0x0800028b   Thumb Code     0  startup_stm32f407xx.o(.text)
    SPI2_IRQHandler                          0x0800028b   Thumb Code     0  startup_stm32f407xx.o(.text)
    SPI3_IRQHandler                          0x0800028b   Thumb Code     0  startup_stm32f407xx.o(.text)
    TAMP_STAMP_IRQHandler                    0x0800028b   Thumb Code     0  startup_stm32f407xx.o(.text)
    TIM1_BRK_TIM9_IRQHandler                 0x0800028b   Thumb Code     0  startup_stm32f407xx.o(.text)
    TIM1_CC_IRQHandler                       0x0800028b   Thumb Code     0  startup_stm32f407xx.o(.text)
    TIM1_TRG_COM_TIM11_IRQHandler            0x0800028b   Thumb Code     0  startup_stm32f407xx.o(.text)
    TIM1_UP_TIM10_IRQHandler                 0x0800028b   Thumb Code     0  startup_stm32f407xx.o(.text)
    TIM3_IRQHandler                          0x0800028b   Thumb Code     0  startup_stm32f407xx.o(.text)
    TIM4_IRQHandler                          0x0800028b   Thumb Code     0  startup_stm32f407xx.o(.text)
    TIM5_IRQHandler                          0x0800028b   Thumb Code     0  startup_stm32f407xx.o(.text)
    TIM6_DAC_IRQHandler                      0x0800028b   Thumb Code     0  startup_stm32f407xx.o(.text)
    TIM7_IRQHandler                          0x0800028b   Thumb Code     0  startup_stm32f407xx.o(.text)
    TIM8_BRK_TIM12_IRQHandler                0x0800028b   Thumb Code     0  startup_stm32f407xx.o(.text)
    TIM8_CC_IRQHandler                       0x0800028b   Thumb Code     0  startup_stm32f407xx.o(.text)
    TIM8_TRG_COM_TIM14_IRQHandler            0x0800028b   Thumb Code     0  startup_stm32f407xx.o(.text)
    TIM8_UP_TIM13_IRQHandler                 0x0800028b   Thumb Code     0  startup_stm32f407xx.o(.text)
    UART4_IRQHandler                         0x0800028b   Thumb Code     0  startup_stm32f407xx.o(.text)
    UART5_IRQHandler                         0x0800028b   Thumb Code     0  startup_stm32f407xx.o(.text)
    USART1_IRQHandler                        0x0800028b   Thumb Code     0  startup_stm32f407xx.o(.text)
    USART2_IRQHandler                        0x0800028b   Thumb Code     0  startup_stm32f407xx.o(.text)
    USART3_IRQHandler                        0x0800028b   Thumb Code     0  startup_stm32f407xx.o(.text)
    USART6_IRQHandler                        0x0800028b   Thumb Code     0  startup_stm32f407xx.o(.text)
    WWDG_IRQHandler                          0x0800028b   Thumb Code     0  startup_stm32f407xx.o(.text)
    __user_initial_stackheap                 0x0800028d   Thumb Code     0  startup_stm32f407xx.o(.text)
    srand                                    0x080002b1   Thumb Code    42  rand.o(.text)
    _rand_init                               0x080002db   Thumb Code     4  rand.o(.text)
    __aeabi_memset                           0x080002ed   Thumb Code    16  aeabi_memset.o(.text)
    __use_two_region_memory                  0x080002fd   Thumb Code     2  heapauxi.o(.text)
    __rt_heap_escrow$2region                 0x080002ff   Thumb Code     2  heapauxi.o(.text)
    __rt_heap_expand$2region                 0x08000301   Thumb Code     2  heapauxi.o(.text)
    __aeabi_memclr                           0x08000303   Thumb Code     0  rt_memclr.o(.text)
    __rt_memclr                              0x08000303   Thumb Code     0  rt_memclr.o(.text)
    _memset                                  0x08000307   Thumb Code    64  rt_memclr.o(.text)
    __aeabi_memclr4                          0x08000347   Thumb Code     0  rt_memclr_w.o(.text)
    __aeabi_memclr8                          0x08000347   Thumb Code     0  rt_memclr_w.o(.text)
    __rt_memclr_w                            0x08000347   Thumb Code     0  rt_memclr_w.o(.text)
    _memset_w                                0x0800034b   Thumb Code    74  rt_memclr_w.o(.text)
    __user_setup_stackheap                   0x08000395   Thumb Code    74  sys_stackheap_outer.o(.text)
    exit                                     0x080003df   Thumb Code    18  exit.o(.text)
    __user_libspace                          0x080003f1   Thumb Code     8  libspace.o(.text)
    __user_perproc_libspace                  0x080003f1   Thumb Code     0  libspace.o(.text)
    __user_perthread_libspace                0x080003f1   Thumb Code     0  libspace.o(.text)
    __I$use$semihosting                      0x080003f9   Thumb Code     0  use_no_semi.o(.text)
    __use_no_semihosting_swi                 0x080003f9   Thumb Code     2  use_no_semi.o(.text)
    __semihosting_library_function           0x080003fb   Thumb Code     0  indicate_semi.o(.text)
    _sys_exit                                0x080003fd   Thumb Code     8  sys_exit.o(.text)
    Button_Init                              0x08000409   Thumb Code   100  main.o(.text.Button_Init)
    Clouds_Update                            0x0800046d   Thumb Code   184  dino_game.o(.text.Clouds_Update)
    Dino_Jump                                0x08000525   Thumb Code    30  dino_game.o(.text.Dino_Jump)
    Dino_Update                              0x08000545   Thumb Code    66  dino_game.o(.text.Dino_Update)
    Draw_Ground                              0x08000589   Thumb Code    26  dino_game.o(.text.Draw_Ground)
    Draw_Score                               0x080005a5   Thumb Code   222  dino_game.o(.text.Draw_Score)
    EXTI0_IRQHandler                         0x08000685   Thumb Code    48  main.o(.text.EXTI0_IRQHandler)
    GPIO_IT_Init                             0x080006b5   Thumb Code   942  stm32f407xx_gpio_driver.o(.text.GPIO_IT_Init)
    GPIO_Init                                0x08000a65   Thumb Code   258  stm32f407xx_gpio_driver.o(.text.GPIO_Init)
    GPIO_PinToggle                           0x08000b69   Thumb Code    30  stm32f407xx_gpio_driver.o(.text.GPIO_PinToggle)
    GPIO_PinWrite                            0x08000b89   Thumb Code    66  stm32f407xx_gpio_driver.o(.text.GPIO_PinWrite)
    Game_CheckCollision                      0x08000bcd   Thumb Code   156  dino_game.o(.text.Game_CheckCollision)
    Game_Draw                                0x08000c69   Thumb Code   344  dino_game.o(.text.Game_Draw)
    Game_HandleInput                         0x08000dc1   Thumb Code   106  dino_game.o(.text.Game_HandleInput)
    Game_Init                                0x08000e2d   Thumb Code   160  dino_game.o(.text.Game_Init)
    Game_Reset                               0x08000ecd   Thumb Code    22  dino_game.o(.text.Game_Reset)
    Game_Update                              0x08000ee5   Thumb Code    74  dino_game.o(.text.Game_Update)
    I2C1_Init                                0x08000f31   Thumb Code   170  main.o(.text.I2C1_Init)
    I2C_GetBusyFlag                          0x08000fdd   Thumb Code    16  stm32f407xx_i2c_driver.o(.text.I2C_GetBusyFlag)
    I2C_Init                                 0x080010c5   Thumb Code   304  stm32f407xx_i2c_driver.o(.text.I2C_Init)
    I2C_MasterSendData                       0x080011f5   Thumb Code   112  stm32f407xx_i2c_driver.o(.text.I2C_MasterSendData)
    I2C_Reset                                0x08001265   Thumb Code    28  stm32f407xx_i2c_driver.o(.text.I2C_Reset)
    I2C_Scan                                 0x08001281   Thumb Code   418  main.o(.text.I2C_Scan)
    I2C_SendAddress                          0x08001425   Thumb Code    94  stm32f407xx_i2c_driver.o(.text.I2C_SendAddress)
    I2C_Start                                0x08001485   Thumb Code    32  stm32f407xx_i2c_driver.o(.text.I2C_Start)
    I2C_Stop                                 0x080014a5   Thumb Code    18  stm32f407xx_i2c_driver.o(.text.I2C_Stop)
    NVIC_EnableIRQ                           0x080014b9   Thumb Code    64  cortexm4.o(.text.NVIC_EnableIRQ)
    NVIC_SetPriority                         0x080014f9   Thumb Code   100  cortexm4.o(.text.NVIC_SetPriority)
    Obstacles_Update                         0x0800155d   Thumb Code   204  dino_game.o(.text.Obstacles_Update)
    SSD1306_DrawChar                         0x08001629   Thumb Code   230  ssd1306.o(.text.SSD1306_DrawChar)
    SSD1306_DrawLine                         0x08001711   Thumb Code   334  ssd1306.o(.text.SSD1306_DrawLine)
    SSD1306_DrawPixel                        0x08001861   Thumb Code   138  ssd1306.o(.text.SSD1306_DrawPixel)
    SSD1306_DrawSprite                       0x080018ed   Thumb Code   202  ssd1306.o(.text.SSD1306_DrawSprite)
    SSD1306_DrawString                       0x080019b9   Thumb Code   158  ssd1306.o(.text.SSD1306_DrawString)
    SSD1306_Fill                             0x08001a59   Thumb Code    38  ssd1306.o(.text.SSD1306_Fill)
    SSD1306_Init                             0x08001a81   Thumb Code   222  ssd1306.o(.text.SSD1306_Init)
    SSD1306_UpdateScreen                     0x08001b61   Thumb Code   138  ssd1306.o(.text.SSD1306_UpdateScreen)
    SSD1306_WriteCommand                     0x08001bed   Thumb Code    46  ssd1306.o(.text.SSD1306_WriteCommand)
    SimpleDelay                              0x08001c1d   Thumb Code    34  main.o(.text.SimpleDelay)
    SystemInit                               0x08001c41   Thumb Code    18  system_stm32f4xx.o(.text.SystemInit)
    System_Init                              0x08001c55   Thumb Code    56  main.o(.text.System_Init)
    TIM2_IRQHandler                          0x08001c8d   Thumb Code    44  main.o(.text.TIM2_IRQHandler)
    TIM2_Init                                0x08001cb9   Thumb Code    84  main.o(.text.TIM2_Init)
    TIM_Base_ForceUpdate                     0x08001d0d   Thumb Code    28  stm32f407xx_timer_driver.o(.text.TIM_Base_ForceUpdate)
    TIM_Base_IT_Init                         0x08001d29   Thumb Code   132  stm32f407xx_timer_driver.o(.text.TIM_Base_IT_Init)
    TIM_Base_Init                            0x08001dad   Thumb Code    54  stm32f407xx_timer_driver.o(.text.TIM_Base_Init)
    TIM_Base_Start                           0x08001de5   Thumb Code    18  stm32f407xx_timer_driver.o(.text.TIM_Base_Start)
    main                                     0x08001df9   Thumb Code   404  main.o(.text.main)
    _fp_init                                 0x08001f8d   Thumb Code    26  fpinit.o(x$fpl$fpinit)
    __fplib_config_fpu_vfp                   0x08001fa5   Thumb Code     0  fpinit.o(x$fpl$fpinit)
    __fplib_config_pureend_doubles           0x08001fa5   Thumb Code     0  fpinit.o(x$fpl$fpinit)
    Font5x7                                  0x08001fa6   Data         295  ssd1306.o(.rodata.Font5x7)
    cactus_sprite                            0x080020cd   Data          32  dino_game.o(.rodata.cactus_sprite)
    cloud_sprite                             0x080020ed   Data          16  dino_game.o(.rodata.cloud_sprite)
    dino_sprite_1                            0x080020fd   Data          32  dino_game.o(.rodata.dino_sprite_1)
    dino_sprite_2                            0x0800211d   Data          32  dino_game.o(.rodata.dino_sprite_2)
    Region$$Table$$Base                      0x08002160   Number         0  anon$$obj.o(Region$$Table)
    Region$$Table$$Limit                     0x08002170   Number         0  anon$$obj.o(Region$$Table)
    _random_number_data                      0x20000000   Data         228  rand.o(.bss)
    __libspace_start                         0x200000e4   Data          96  libspace.o(.bss)
    SSD1306_Buffer                           0x20000144   Data        1024  ssd1306.o(.bss.SSD1306_Buffer)
    __temporary_stack_top$libspace           0x20000144   Data           0  libspace.o(.bss)
    button_pressed                           0x20000546   Data           1  main.o(.bss.button_pressed)
    game                                     0x20000548   Data          28  main.o(.bss.game)
    game_tick                                0x20000564   Data           1  main.o(.bss.game_tick)
    i2c_device_addr                          0x20000565   Data           1  main.o(.bss.i2c_device_addr)
    i2c_device_found                         0x20000566   Data           1  main.o(.bss.i2c_device_found)



==============================================================================

Memory Map of the image

  Image Entry point : 0x08000271

  Load Region LR_1 (Base: 0x08000000, Size: 0x00002170, Max: 0xffffffff, ABSOLUTE)

    Execution Region ER_RO (Exec base: 0x08000000, Load base: 0x08000000, Size: 0x00002170, Max: 0xffffffff, ABSOLUTE)

    Exec Addr    Load Addr    Size         Type   Attr      Idx    E Section Name        Object

    0x08000000   0x08000000   0x00000188   Data   RO          205    RESET               startup_stm32f407xx.o
    0x08000188   0x08000188   0x00000008   Code   RO          237  * !!!main             c_w.l(__main.o)
    0x08000190   0x08000190   0x0000005c   Code   RO          406    !!!scatter          c_w.l(__scatter.o)
    0x080001ec   0x080001ec   0x00000002   Code   RO          407    !!handler_null      c_w.l(__scatter.o)
    0x080001ee   0x080001ee   0x00000002   PAD
    0x080001f0   0x080001f0   0x0000001c   Code   RO          410    !!handler_zi        c_w.l(__scatter_zi.o)
    0x0800020c   0x0800020c   0x00000002   Code   RO          323    .ARM.Collect$$libinit$$00000000  c_w.l(libinit.o)
    0x0800020e   0x0800020e   0x00000004   Code   RO          242    .ARM.Collect$$libinit$$00000001  c_w.l(libinit2.o)
    0x08000212   0x08000212   0x00000000   Code   RO          245    .ARM.Collect$$libinit$$00000004  c_w.l(libinit2.o)
    0x08000212   0x08000212   0x00000000   Code   RO          247    .ARM.Collect$$libinit$$00000006  c_w.l(libinit2.o)
    0x08000212   0x08000212   0x00000000   Code   RO          250    .ARM.Collect$$libinit$$0000000C  c_w.l(libinit2.o)
    0x08000212   0x08000212   0x00000000   Code   RO          252    .ARM.Collect$$libinit$$0000000E  c_w.l(libinit2.o)
    0x08000212   0x08000212   0x00000004   Code   RO          253    .ARM.Collect$$libinit$$0000000F  c_w.l(libinit2.o)
    0x08000216   0x08000216   0x00000000   Code   RO          254    .ARM.Collect$$libinit$$00000010  c_w.l(libinit2.o)
    0x08000216   0x08000216   0x00000000   Code   RO          257    .ARM.Collect$$libinit$$00000013  c_w.l(libinit2.o)
    0x08000216   0x08000216   0x00000000   Code   RO          259    .ARM.Collect$$libinit$$00000015  c_w.l(libinit2.o)
    0x08000216   0x08000216   0x00000000   Code   RO          261    .ARM.Collect$$libinit$$00000017  c_w.l(libinit2.o)
    0x08000216   0x08000216   0x00000000   Code   RO          263    .ARM.Collect$$libinit$$00000019  c_w.l(libinit2.o)
    0x08000216   0x08000216   0x00000000   Code   RO          265    .ARM.Collect$$libinit$$0000001B  c_w.l(libinit2.o)
    0x08000216   0x08000216   0x00000000   Code   RO          267    .ARM.Collect$$libinit$$0000001D  c_w.l(libinit2.o)
    0x08000216   0x08000216   0x00000000   Code   RO          269    .ARM.Collect$$libinit$$0000001F  c_w.l(libinit2.o)
    0x08000216   0x08000216   0x00000000   Code   RO          271    .ARM.Collect$$libinit$$00000021  c_w.l(libinit2.o)
    0x08000216   0x08000216   0x00000000   Code   RO          273    .ARM.Collect$$libinit$$00000023  c_w.l(libinit2.o)
    0x08000216   0x08000216   0x00000000   Code   RO          275    .ARM.Collect$$libinit$$00000025  c_w.l(libinit2.o)
    0x08000216   0x08000216   0x00000000   Code   RO          277    .ARM.Collect$$libinit$$00000027  c_w.l(libinit2.o)
    0x08000216   0x08000216   0x00000000   Code   RO          281    .ARM.Collect$$libinit$$0000002E  c_w.l(libinit2.o)
    0x08000216   0x08000216   0x00000000   Code   RO          283    .ARM.Collect$$libinit$$00000030  c_w.l(libinit2.o)
    0x08000216   0x08000216   0x00000000   Code   RO          285    .ARM.Collect$$libinit$$00000032  c_w.l(libinit2.o)
    0x08000216   0x08000216   0x00000000   Code   RO          287    .ARM.Collect$$libinit$$00000034  c_w.l(libinit2.o)
    0x08000216   0x08000216   0x00000002   Code   RO          288    .ARM.Collect$$libinit$$00000035  c_w.l(libinit2.o)
    0x08000218   0x08000218   0x00000002   Code   RO          365    .ARM.Collect$$libshutdown$$00000000  c_w.l(libshutdown.o)
    0x0800021a   0x0800021a   0x00000000   Code   RO          373    .ARM.Collect$$libshutdown$$00000002  c_w.l(libshutdown2.o)
    0x0800021a   0x0800021a   0x00000000   Code   RO          375    .ARM.Collect$$libshutdown$$00000004  c_w.l(libshutdown2.o)
    0x0800021a   0x0800021a   0x00000000   Code   RO          378    .ARM.Collect$$libshutdown$$00000007  c_w.l(libshutdown2.o)
    0x0800021a   0x0800021a   0x00000000   Code   RO          381    .ARM.Collect$$libshutdown$$0000000A  c_w.l(libshutdown2.o)
    0x0800021a   0x0800021a   0x00000000   Code   RO          383    .ARM.Collect$$libshutdown$$0000000C  c_w.l(libshutdown2.o)
    0x0800021a   0x0800021a   0x00000000   Code   RO          386    .ARM.Collect$$libshutdown$$0000000F  c_w.l(libshutdown2.o)
    0x0800021a   0x0800021a   0x00000002   Code   RO          387    .ARM.Collect$$libshutdown$$00000010  c_w.l(libshutdown2.o)
    0x0800021c   0x0800021c   0x00000000   Code   RO          239    .ARM.Collect$$rtentry$$00000000  c_w.l(__rtentry.o)
    0x0800021c   0x0800021c   0x00000000   Code   RO          290    .ARM.Collect$$rtentry$$00000002  c_w.l(__rtentry2.o)
    0x0800021c   0x0800021c   0x00000006   Code   RO          302    .ARM.Collect$$rtentry$$00000004  c_w.l(__rtentry4.o)
    0x08000222   0x08000222   0x00000000   Code   RO          292    .ARM.Collect$$rtentry$$00000009  c_w.l(__rtentry2.o)
    0x08000222   0x08000222   0x00000004   Code   RO          293    .ARM.Collect$$rtentry$$0000000A  c_w.l(__rtentry2.o)
    0x08000226   0x08000226   0x00000000   Code   RO          295    .ARM.Collect$$rtentry$$0000000C  c_w.l(__rtentry2.o)
    0x08000226   0x08000226   0x00000008   Code   RO          296    .ARM.Collect$$rtentry$$0000000D  c_w.l(__rtentry2.o)
    0x0800022e   0x0800022e   0x00000002   Code   RO          331    .ARM.Collect$$rtexit$$00000000  c_w.l(rtexit.o)
    0x08000230   0x08000230   0x00000000   Code   RO          343    .ARM.Collect$$rtexit$$00000002  c_w.l(rtexit2.o)
    0x08000230   0x08000230   0x00000004   Code   RO          344    .ARM.Collect$$rtexit$$00000003  c_w.l(rtexit2.o)
    0x08000234   0x08000234   0x00000006   Code   RO          345    .ARM.Collect$$rtexit$$00000004  c_w.l(rtexit2.o)
    0x0800023a   0x0800023a   0x00000002   PAD
    0x0800023c   0x0800023c   0x00000034   Code   RO          228    .emb_text           c_w.l(rand.o)
    0x08000270   0x08000270   0x00000040   Code   RO          206  * .text               startup_stm32f407xx.o
    0x080002b0   0x080002b0   0x0000003c   Code   RO          229    .text               c_w.l(rand.o)
    0x080002ec   0x080002ec   0x00000010   Code   RO          233    .text               c_w.l(aeabi_memset.o)
    0x080002fc   0x080002fc   0x00000006   Code   RO          235    .text               c_w.l(heapauxi.o)
    0x08000302   0x08000302   0x00000044   Code   RO          240    .text               c_w.l(rt_memclr.o)
    0x08000346   0x08000346   0x0000004e   Code   RO          304    .text               c_w.l(rt_memclr_w.o)
    0x08000394   0x08000394   0x0000004a   Code   RO          310    .text               c_w.l(sys_stackheap_outer.o)
    0x080003de   0x080003de   0x00000012   Code   RO          312    .text               c_w.l(exit.o)
    0x080003f0   0x080003f0   0x00000008   Code   RO          328    .text               c_w.l(libspace.o)
    0x080003f8   0x080003f8   0x00000002   Code   RO          339    .text               c_w.l(use_no_semi.o)
    0x080003fa   0x080003fa   0x00000000   Code   RO          341    .text               c_w.l(indicate_semi.o)
    0x080003fa   0x080003fa   0x00000002   PAD
    0x080003fc   0x080003fc   0x0000000c   Code   RO          355    .text               c_w.l(sys_exit.o)
    0x08000408   0x08000408   0x00000064   Code   RO           12    .text.Button_Init   main.o
    0x0800046c   0x0800046c   0x000000b8   Code   RO          114    .text.Clouds_Update  dino_game.o
    0x08000524   0x08000524   0x0000001e   Code   RO          108    .text.Dino_Jump     dino_game.o
    0x08000542   0x08000542   0x00000002   PAD
    0x08000544   0x08000544   0x00000042   Code   RO          110    .text.Dino_Update   dino_game.o
    0x08000586   0x08000586   0x00000002   PAD
    0x08000588   0x08000588   0x0000001a   Code   RO          120    .text.Draw_Ground   dino_game.o
    0x080005a2   0x080005a2   0x00000002   PAD
    0x080005a4   0x080005a4   0x000000de   Code   RO          122    .text.Draw_Score    dino_game.o
    0x08000682   0x08000682   0x00000002   PAD
    0x08000684   0x08000684   0x00000030   Code   RO           16    .text.EXTI0_IRQHandler  main.o
    0x080006b4   0x080006b4   0x000003ae   Code   RO           42    .text.GPIO_IT_Init  stm32f407xx_gpio_driver.o
    0x08000a62   0x08000a62   0x00000002   PAD
    0x08000a64   0x08000a64   0x00000102   Code   RO           34    .text.GPIO_Init     stm32f407xx_gpio_driver.o
    0x08000b66   0x08000b66   0x00000002   PAD
    0x08000b68   0x08000b68   0x0000001e   Code   RO           38    .text.GPIO_PinToggle  stm32f407xx_gpio_driver.o
    0x08000b86   0x08000b86   0x00000002   PAD
    0x08000b88   0x08000b88   0x00000042   Code   RO           36    .text.GPIO_PinWrite  stm32f407xx_gpio_driver.o
    0x08000bca   0x08000bca   0x00000002   PAD
    0x08000bcc   0x08000bcc   0x0000009c   Code   RO          116    .text.Game_CheckCollision  dino_game.o
    0x08000c68   0x08000c68   0x00000158   Code   RO          124    .text.Game_Draw     dino_game.o
    0x08000dc0   0x08000dc0   0x0000006a   Code   RO          106    .text.Game_HandleInput  dino_game.o
    0x08000e2a   0x08000e2a   0x00000002   PAD
    0x08000e2c   0x08000e2c   0x000000a0   Code   RO          102    .text.Game_Init     dino_game.o
    0x08000ecc   0x08000ecc   0x00000016   Code   RO          104    .text.Game_Reset    dino_game.o
    0x08000ee2   0x08000ee2   0x00000002   PAD
    0x08000ee4   0x08000ee4   0x0000004a   Code   RO          118    .text.Game_Update   dino_game.o
    0x08000f2e   0x08000f2e   0x00000002   PAD
    0x08000f30   0x08000f30   0x000000aa   Code   RO            8    .text.I2C1_Init     main.o
    0x08000fda   0x08000fda   0x00000002   PAD
    0x08000fdc   0x08000fdc   0x00000010   Code   RO          193    .text.I2C_GetBusyFlag  stm32f407xx_i2c_driver.o
    0x08000fec   0x08000fec   0x000000d6   Code   RO          177    .text.I2C_GetPCLK1  stm32f407xx_i2c_driver.o
    0x080010c2   0x080010c2   0x00000002   PAD
    0x080010c4   0x080010c4   0x00000130   Code   RO          175    .text.I2C_Init      stm32f407xx_i2c_driver.o
    0x080011f4   0x080011f4   0x00000070   Code   RO          187    .text.I2C_MasterSendData  stm32f407xx_i2c_driver.o
    0x08001264   0x08001264   0x0000001c   Code   RO          195    .text.I2C_Reset     stm32f407xx_i2c_driver.o
    0x08001280   0x08001280   0x000001a2   Code   RO           10    .text.I2C_Scan      main.o
    0x08001422   0x08001422   0x00000002   PAD
    0x08001424   0x08001424   0x0000005e   Code   RO          183    .text.I2C_SendAddress  stm32f407xx_i2c_driver.o
    0x08001482   0x08001482   0x00000002   PAD
    0x08001484   0x08001484   0x00000020   Code   RO          179    .text.I2C_Start     stm32f407xx_i2c_driver.o
    0x080014a4   0x080014a4   0x00000012   Code   RO          181    .text.I2C_Stop      stm32f407xx_i2c_driver.o
    0x080014b6   0x080014b6   0x00000002   PAD
    0x080014b8   0x080014b8   0x00000040   Code   RO           53    .text.NVIC_EnableIRQ  cortexm4.o
    0x080014f8   0x080014f8   0x00000064   Code   RO           51    .text.NVIC_SetPriority  cortexm4.o
    0x0800155c   0x0800155c   0x000000cc   Code   RO          112    .text.Obstacles_Update  dino_game.o
    0x08001628   0x08001628   0x000000e6   Code   RO          158    .text.SSD1306_DrawChar  ssd1306.o
    0x0800170e   0x0800170e   0x00000002   PAD
    0x08001710   0x08001710   0x0000014e   Code   RO          150    .text.SSD1306_DrawLine  ssd1306.o
    0x0800185e   0x0800185e   0x00000002   PAD
    0x08001860   0x08001860   0x0000008a   Code   RO          148    .text.SSD1306_DrawPixel  ssd1306.o
    0x080018ea   0x080018ea   0x00000002   PAD
    0x080018ec   0x080018ec   0x000000ca   Code   RO          156    .text.SSD1306_DrawSprite  ssd1306.o
    0x080019b6   0x080019b6   0x00000002   PAD
    0x080019b8   0x080019b8   0x0000009e   Code   RO          160    .text.SSD1306_DrawString  ssd1306.o
    0x08001a56   0x08001a56   0x00000002   PAD
    0x08001a58   0x08001a58   0x00000026   Code   RO          144    .text.SSD1306_Fill  ssd1306.o
    0x08001a7e   0x08001a7e   0x00000002   PAD
    0x08001a80   0x08001a80   0x000000de   Code   RO          142    .text.SSD1306_Init  ssd1306.o
    0x08001b5e   0x08001b5e   0x00000002   PAD
    0x08001b60   0x08001b60   0x0000008a   Code   RO          146    .text.SSD1306_UpdateScreen  ssd1306.o
    0x08001bea   0x08001bea   0x00000002   PAD
    0x08001bec   0x08001bec   0x0000002e   Code   RO          138    .text.SSD1306_WriteCommand  ssd1306.o
    0x08001c1a   0x08001c1a   0x00000002   PAD
    0x08001c1c   0x08001c1c   0x00000022   Code   RO            6    .text.SimpleDelay   main.o
    0x08001c3e   0x08001c3e   0x00000002   PAD
    0x08001c40   0x08001c40   0x00000012   Code   RO          213    .text.SystemInit    system_stm32f4xx.o
    0x08001c52   0x08001c52   0x00000002   PAD
    0x08001c54   0x08001c54   0x00000038   Code   RO            4    .text.System_Init   main.o
    0x08001c8c   0x08001c8c   0x0000002c   Code   RO           18    .text.TIM2_IRQHandler  main.o
    0x08001cb8   0x08001cb8   0x00000054   Code   RO           14    .text.TIM2_Init     main.o
    0x08001d0c   0x08001d0c   0x0000001c   Code   RO           85    .text.TIM_Base_ForceUpdate  stm32f407xx_timer_driver.o
    0x08001d28   0x08001d28   0x00000084   Code   RO           91    .text.TIM_Base_IT_Init  stm32f407xx_timer_driver.o
    0x08001dac   0x08001dac   0x00000036   Code   RO           83    .text.TIM_Base_Init  stm32f407xx_timer_driver.o
    0x08001de2   0x08001de2   0x00000002   PAD
    0x08001de4   0x08001de4   0x00000012   Code   RO           87    .text.TIM_Base_Start  stm32f407xx_timer_driver.o
    0x08001df6   0x08001df6   0x00000002   PAD
    0x08001df8   0x08001df8   0x00000194   Code   RO            2    .text.main          main.o
    0x08001f8c   0x08001f8c   0x0000001a   Code   RO          308    x$fpl$fpinit        fz_wm.l(fpinit.o)
    0x08001fa6   0x08001fa6   0x00000127   Data   RO          164    .rodata.Font5x7     ssd1306.o
    0x080020cd   0x080020cd   0x00000020   Data   RO          128    .rodata.cactus_sprite  dino_game.o
    0x080020ed   0x080020ed   0x00000010   Data   RO          129    .rodata.cloud_sprite  dino_game.o
    0x080020fd   0x080020fd   0x00000020   Data   RO          126    .rodata.dino_sprite_1  dino_game.o
    0x0800211d   0x0800211d   0x00000020   Data   RO          127    .rodata.dino_sprite_2  dino_game.o
    0x0800213d   0x0800213d   0x00000008   Data   RO           24    .rodata.str1.1      main.o
    0x08002145   0x08002145   0x0000001a   Data   RO          130    .rodata.str1.1      dino_game.o
    0x0800215f   0x0800215f   0x00000001   PAD
    0x08002160   0x08002160   0x00000010   Data   RO          405    Region$$Table       anon$$obj.o


    Execution Region ER_RW (Exec base: 0x20000000, Load base: 0x08002170, Size: 0x00000000, Max: 0xffffffff, ABSOLUTE)

    **** No section assigned to this execution region ****


    Execution Region ER_ZI (Exec base: 0x20000000, Load base: 0x08002170, Size: 0x00000b68, Max: 0xffffffff, ABSOLUTE)

    Exec Addr    Load Addr    Size         Type   Attr      Idx    E Section Name        Object

    0x20000000        -       0x000000e4   Zero   RW          230    .bss                c_w.l(rand.o)
    0x200000e4        -       0x00000060   Zero   RW          329    .bss                c_w.l(libspace.o)
    0x20000144        -       0x00000400   Zero   RW          165    .bss.SSD1306_Buffer  ssd1306.o
    0x20000544        -       0x00000001   Zero   RW          166    .bss.SSD1306_CurrentX  ssd1306.o
    0x20000545        -       0x00000001   Zero   RW          167    .bss.SSD1306_CurrentY  ssd1306.o
    0x20000546        -       0x00000001   Zero   RW           20    .bss.button_pressed  main.o
    0x20000547   0x08002170   0x00000001   PAD
    0x20000548        -       0x0000001c   Zero   RW           25    .bss.game           main.o
    0x20000564        -       0x00000001   Zero   RW           21    .bss.game_tick      main.o
    0x20000565        -       0x00000001   Zero   RW           23    .bss.i2c_device_addr  main.o
    0x20000566        -       0x00000001   Zero   RW           22    .bss.i2c_device_found  main.o
    0x20000567   0x08002170   0x00000001   PAD
    0x20000568        -       0x00000200   Zero   RW          204    HEAP                startup_stm32f407xx.o
    0x20000768        -       0x00000400   Zero   RW          203    STACK               startup_stm32f407xx.o


==============================================================================

Image component sizes


      Code (inc. data)   RO Data    RW Data    ZI Data      Debug   Object Name

       164          0          0          0          0       1413   cortexm4.o
      1594          0        138          0          0       4320   dino_game.o
      1358          0          8          0         32       5579   main.o
      1506          0        295          0       1026       4934   ssd1306.o
        64         26        392          0       1536        904   startup_stm32f407xx.o
      1296          0          0          0          0       3410   stm32f407xx_gpio_driver.o
       818          0          0          0          0       4220   stm32f407xx_i2c_driver.o
       232          0          0          0          0       2314   stm32f407xx_timer_driver.o
        18          0          0          0          0       2770   system_stm32f4xx.o

    ----------------------------------------------------------------------
      7108         26        850          0       2596      29864   Object Totals
         0          0         16          0          0          0   (incl. Generated)
        58          0          1          0          2          0   (incl. Padding)

    ----------------------------------------------------------------------

      Code (inc. data)   RO Data    RW Data    ZI Data      Debug   Library Member Name

         8          0          0          0          0         68   __main.o
         0          0          0          0          0          0   __rtentry.o
        12          0          0          0          0          0   __rtentry2.o
         6          0          0          0          0          0   __rtentry4.o
        94          8          0          0          0          0   __scatter.o
        28          0          0          0          0          0   __scatter_zi.o
        16          0          0          0          0         68   aeabi_memset.o
        18          0          0          0          0         80   exit.o
         6          0          0          0          0        152   heapauxi.o
         0          0          0          0          0          0   indicate_semi.o
         2          0          0          0          0          0   libinit.o
        10          0          0          0          0          0   libinit2.o
         2          0          0          0          0          0   libshutdown.o
         2          0          0          0          0          0   libshutdown2.o
         8          4          0          0         96         68   libspace.o
       112         18          0          0        228        160   rand.o
        68          0          0          0          0         68   rt_memclr.o
        78          0          0          0          0         80   rt_memclr_w.o
         2          0          0          0          0          0   rtexit.o
        10          0          0          0          0          0   rtexit2.o
        12          4          0          0          0         68   sys_exit.o
        74          0          0          0          0         80   sys_stackheap_outer.o
         2          0          0          0          0         68   use_no_semi.o
        26          0          0          0          0        116   fpinit.o

    ----------------------------------------------------------------------
       602         34          0          0        324       1076   Library Totals
         6          0          0          0          0          0   (incl. Padding)

    ----------------------------------------------------------------------

      Code (inc. data)   RO Data    RW Data    ZI Data      Debug   Library Name

       570         34          0          0        324        960   c_w.l
        26          0          0          0          0        116   fz_wm.l

    ----------------------------------------------------------------------
       602         34          0          0        324       1076   Library Totals

    ----------------------------------------------------------------------

==============================================================================


      Code (inc. data)   RO Data    RW Data    ZI Data      Debug   

      7710         60        850          0       2920      30384   Grand Totals
      7710         60        850          0       2920      30384   ELF Image Totals
      7710         60        850          0          0          0   ROM Totals

==============================================================================

    Total RO  Size (Code + RO Data)                 8560 (   8.36kB)
    Total RW  Size (RW Data + ZI Data)              2920 (   2.85kB)
    Total ROM Size (Code + RO Data + RW Data)       8560 (   8.36kB)

==============================================================================

